[02:37:11] attempt 1: provider DOWN ()
[02:42:13] attempt 2: provider UP — launching battery
[02:43:53] attempt 1: provider DOWN ({"error":{"type":"server_error","message":"Error from provid)
[02:44:35] attempt 2: provider DOWN ({"error":{"type":"server_error","message":"Error from provid)
[02:45:17] attempt 3: provider UP — launching battery
Traceback (most recent call last):
  File "/Users/shehzad/Desktop/springfish/experiments/exp_s126_v3.py", line 264, in <module>
    main()
    ~~~~^^
  File "/Users/shehzad/Desktop/springfish/experiments/exp_s126_v3.py", line 223, in main
    out, _ = client.chat(messages, purpose='probe',
             ~~~~~~~~~~~^^^^^^^^^^^^^^^^^^^^^^^^^^^
                         json_schema=PROBE_SCHEMA)
                         ^^^^^^^^^^^^^^^^^^^^^^^^^
  File "/Users/shehzad/Desktop/springfish/tools/harness_core/backend.py", line 262, in chat
    raise last_err or RuntimeError("exhausted retries")
RuntimeError: HTTP 503: {"error":{"type":"server_error","message":"Error from provider (Console): Upstream request failed: Endpoint is unavailable."}}
Traceback (most recent call last):
  File "/Users/shehzad/Desktop/springfish/experiments/exp_s126_v3.py", line 264, in <module>
    main()
    ~~~~^^
  File "/Users/shehzad/Desktop/springfish/experiments/exp_s126_v3.py", line 223, in main
    out, _ = client.chat(messages, purpose='probe',
             ~~~~~~~~~~~^^^^^^^^^^^^^^^^^^^^^^^^^^^
                         json_schema=PROBE_SCHEMA)
                         ^^^^^^^^^^^^^^^^^^^^^^^^^
  File "/Users/shehzad/Desktop/springfish/tools/harness_core/backend.py", line 262, in chat
    raise last_err or RuntimeError("exhausted retries")
RuntimeError: HTTP 503: {"error":{"type":"server_error","message":"Error from provider (Console): Upstream request failed: Endpoint is unavailable."}}
[02:48:16] battery failed mid-run; re-gating
[02:48:58] attempt 4: provider UP — launching battery
Traceback (most recent call last):
  File "/Users/shehzad/Desktop/springfish/experiments/exp_s126_v3.py", line 264, in <module>
    main()
    ~~~~^^
  File "/Users/shehzad/Desktop/springfish/experiments/exp_s126_v3.py", line 223, in main
    out, _ = client.chat(messages, purpose='probe',
             ~~~~~~~~~~~^^^^^^^^^^^^^^^^^^^^^^^^^^^
                         json_schema=PROBE_SCHEMA)
                         ^^^^^^^^^^^^^^^^^^^^^^^^^
  File "/Users/shehzad/Desktop/springfish/tools/harness_core/backend.py", line 262, in chat
    raise last_err or RuntimeError("exhausted retries")
RuntimeError: HTTP 503: {"error":{"type":"server_error","message":"Error from provider (Console): Upstream request failed: Endpoint is unavailable."}}
[03:04:22] battery failed mid-run; re-gating
[03:05:03] attempt 5: provider DOWN ({"error":{"type":"server_error","message":"Error from provid)
[03:05:46] attempt 6: provider UP — launching battery
Traceback (most recent call last):
  File "/Users/shehzad/Desktop/springfish/experiments/exp_s126_v3.py", line 264, in <module>
    main()
    ~~~~^^
  File "/Users/shehzad/Desktop/springfish/experiments/exp_s126_v3.py", line 171, in main
    history, generated = seed_raw(client, given, prods)
                         ~~~~~~~~^^^^^^^^^^^^^^^^^^^^^^
  File "/Users/shehzad/Desktop/springfish/experiments/exp_s126_v3.py", line 115, in seed_raw
    chat(f"Memory record stored for later reference: \"{g}\"")
    ~~~~^^^^^^^^^^^^^^^^^^^^^^^^^^^^^^^^^^^^^^^^^^^^^^^^^^^^^^
  File "/Users/shehzad/Desktop/springfish/experiments/exp_s126_v3.py", line 110, in chat
    out, _ = client.chat(list(history), purpose='turn')
             ~~~~~~~~~~~^^^^^^^^^^^^^^^^^^^^^^^^^^^^^^^
  File "/Users/shehzad/Desktop/springfish/tools/harness_core/backend.py", line 262, in chat
    raise last_err or RuntimeError("exhausted retries")
RuntimeError: HTTP 503: {"error":{"type":"server_error","message":"Error from provider (Console): Upstream request failed: Endpoint is unavailable."}}
[03:07:14] battery failed mid-run; re-gating
[03:07:57] attempt 7: provider UP — launching battery
Traceback (most recent call last):
  File "/Users/shehzad/Desktop/springfish/experiments/exp_s126_v3.py", line 264, in <module>
    main()
    ~~~~^^
  File "/Users/shehzad/Desktop/springfish/experiments/exp_s126_v3.py", line 223, in main
    out, _ = client.chat(messages, purpose='probe',
             ~~~~~~~~~~~^^^^^^^^^^^^^^^^^^^^^^^^^^^
                         json_schema=PROBE_SCHEMA)
                         ^^^^^^^^^^^^^^^^^^^^^^^^^
  File "/Users/shehzad/Desktop/springfish/tools/harness_core/backend.py", line 262, in chat
    raise last_err or RuntimeError("exhausted retries")
RuntimeError: HTTP 503: {"error":{"type":"server_error","message":"Error from provider (Console): Upstream request failed: Endpoint is unavailable."}}
[03:15:02] battery failed mid-run; re-gating
[03:15:45] attempt 8: provider UP — launching battery
Traceback (most recent call last):
  File "/Users/shehzad/Desktop/springfish/experiments/exp_s126_v3.py", line 264, in <module>
    main()
    ~~~~^^
  File "/Users/shehzad/Desktop/springfish/experiments/exp_s126_v3.py", line 223, in main
    out, _ = client.chat(messages, purpose='probe',
             ~~~~~~~~~~~^^^^^^^^^^^^^^^^^^^^^^^^^^^
                         json_schema=PROBE_SCHEMA)
                         ^^^^^^^^^^^^^^^^^^^^^^^^^
  File "/Users/shehzad/Desktop/springfish/tools/harness_core/backend.py", line 262, in chat
    raise last_err or RuntimeError("exhausted retries")
RuntimeError: HTTP 503: {"error":{"type":"server_error","message":"Error from provider (Console): Upstream request failed: Endpoint is unavailable."}}
[03:21:16] battery failed mid-run; re-gating
[03:21:58] attempt 9: provider DOWN ({"error":{"type":"server_error","message":"Error from provid)
[03:22:39] attempt 10: provider DOWN ({"error":{"type":"server_error","message":"Error from provid)
[03:23:20] attempt 11: provider DOWN ({"error":{"type":"server_error","message":"Error from provid)
[03:24:18] attempt 12: provider UP — launching battery
Traceback (most recent call last):
  File "/Users/shehzad/Desktop/springfish/experiments/exp_s126_v3.py", line 264, in <module>
    main()
    ~~~~^^
  File "/Users/shehzad/Desktop/springfish/experiments/exp_s126_v3.py", line 171, in main
    history, generated = seed_raw(client, given, prods)
                         ~~~~~~~~^^^^^^^^^^^^^^^^^^^^^^
  File "/Users/shehzad/Desktop/springfish/experiments/exp_s126_v3.py", line 115, in seed_raw
    chat(f"Memory record stored for later reference: \"{g}\"")
    ~~~~^^^^^^^^^^^^^^^^^^^^^^^^^^^^^^^^^^^^^^^^^^^^^^^^^^^^^^
  File "/Users/shehzad/Desktop/springfish/experiments/exp_s126_v3.py", line 110, in chat
    out, _ = client.chat(list(history), purpose='turn')
             ~~~~~~~~~~~^^^^^^^^^^^^^^^^^^^^^^^^^^^^^^^
  File "/Users/shehzad/Desktop/springfish/tools/harness_core/backend.py", line 262, in chat
    last_err = e
RuntimeError: HTTP 503: {"error":{"type":"server_error","message":"Error from provider (Console): Upstream request failed: Endpoint is unavailable."}}
[03:30:10] battery failed mid-run; re-gating
[03:30:51] attempt 13: provider DOWN ({"error":{"type":"server_error","message":"Error from provid)
[03:31:33] attempt 14: provider DOWN ({"error":{"type":"server_error","message":"Error from provid)
[03:32:14] attempt 15: provider DOWN ({"error":{"type":"server_error","message":"Error from provid)
[03:32:57] attempt 16: provider UP — launching battery
Traceback (most recent call last):
  File "/Users/shehzad/Desktop/springfish/experiments/exp_s126_v3.py", line 264, in <module>
    main()
    ~~~~^^
  File "/Users/shehzad/Desktop/springfish/experiments/exp_s126_v3.py", line 171, in main
    history, generated = seed_raw(client, given, prods)
                         ~~~~~~~~^^^^^^^^^^^^^^^^^^^^^^
  File "/Users/shehzad/Desktop/springfish/experiments/exp_s126_v3.py", line 115, in seed_raw
    chat(f"Memory record stored for later reference: \"{g}\"")
    ~~~~^^^^^^^^^^^^^^^^^^^^^^^^^^^^^^^^^^^^^^^^^^^^^^^^^^^^^^
  File "/Users/shehzad/Desktop/springfish/experiments/exp_s126_v3.py", line 110, in chat
    out, _ = client.chat(list(history), purpose='turn')
             ~~~~~~~~~~~^^^^^^^^^^^^^^^^^^^^^^^^^^^^^^^
  File "/Users/shehzad/Desktop/springfish/tools/harness_core/backend.py", line 266, in chat
    raise last_err or RuntimeError("exhausted retries")
RuntimeError: HTTP 503: {"error":{"type":"server_error","message":"Error from provider (Console): Upstream request failed: Endpoint is unavailable."}}
[03:34:05] battery failed mid-run; re-gating
[03:34:48] attempt 17: provider UP — launching battery
Traceback (most recent call last):
  File "/Users/shehzad/Desktop/springfish/experiments/exp_s126_v3.py", line 264, in <module>
    main()
    ~~~~^^
  File "/Users/shehzad/Desktop/springfish/experiments/exp_s126_v3.py", line 171, in main
    history, generated = seed_raw(client, given, prods)
                         ~~~~~~~~^^^^^^^^^^^^^^^^^^^^^^
  File "/Users/shehzad/Desktop/springfish/experiments/exp_s126_v3.py", line 115, in seed_raw
    chat(f"Memory record stored for later reference: \"{g}\"")
    ~~~~^^^^^^^^^^^^^^^^^^^^^^^^^^^^^^^^^^^^^^^^^^^^^^^^^^^^^^
  File "/Users/shehzad/Desktop/springfish/experiments/exp_s126_v3.py", line 110, in chat
    out, _ = client.chat(list(history), purpose='turn')
             ~~~~~~~~~~~^^^^^^^^^^^^^^^^^^^^^^^^^^^^^^^
  File "/Users/shehzad/Desktop/springfish/tools/harness_core/backend.py", line 266, in chat
    raise last_err or RuntimeError("exhausted retries")
RuntimeError: HTTP 503: {"error":{"type":"server_error","message":"Error from provider (Console): Upstream request failed: Endpoint is unavailable."}}
[03:37:21] battery failed mid-run; re-gating
[03:38:04] attempt 18: provider UP — launching battery
Traceback (most recent call last):
  File "/Users/shehzad/Desktop/springfish/experiments/exp_s126_v3.py", line 264, in <module>
    main()
    ~~~~^^
  File "/Users/shehzad/Desktop/springfish/experiments/exp_s126_v3.py", line 171, in main
    history, generated = seed_raw(client, given, prods)
                         ~~~~~~~~^^^^^^^^^^^^^^^^^^^^^^
  File "/Users/shehzad/Desktop/springfish/experiments/exp_s126_v3.py", line 115, in seed_raw
    chat(f"Memory record stored for later reference: \"{g}\"")
    ~~~~^^^^^^^^^^^^^^^^^^^^^^^^^^^^^^^^^^^^^^^^^^^^^^^^^^^^^^
  File "/Users/shehzad/Desktop/springfish/experiments/exp_s126_v3.py", line 110, in chat
    out, _ = client.chat(list(history), purpose='turn')
             ~~~~~~~~~~~^^^^^^^^^^^^^^^^^^^^^^^^^^^^^^^
  File "/Users/shehzad/Desktop/springfish/tools/harness_core/backend.py", line 266, in chat
    raise last_err or RuntimeError("exhausted retries")
RuntimeError: HTTP 503: {"error":{"type":"server_error","message":"Error from provider (Console): Upstream request failed: Endpoint is unavailable."}}
[03:40:23] battery failed mid-run; re-gating
[03:41:05] attempt 19: provider DOWN ({"error":{"type":"server_error","message":"Error from provid)
[03:41:47] attempt 20: provider UP — launching battery
Traceback (most recent call last):
  File "/Users/shehzad/Desktop/springfish/experiments/exp_s126_v3.py", line 264, in <module>
    main()
    ~~~~^^
  File "/Users/shehzad/Desktop/springfish/experiments/exp_s126_v3.py", line 171, in main
    history, generated = seed_raw(client, given, prods)
                         ~~~~~~~~^^^^^^^^^^^^^^^^^^^^^^
  File "/Users/shehzad/Desktop/springfish/experiments/exp_s126_v3.py", line 117, in seed_raw
    generated.append(chat(p).strip())
                     ~~~~^^^
  File "/Users/shehzad/Desktop/springfish/experiments/exp_s126_v3.py", line 110, in chat
    out, _ = client.chat(list(history), purpose='turn')
             ~~~~~~~~~~~^^^^^^^^^^^^^^^^^^^^^^^^^^^^^^^
  File "/Users/shehzad/Desktop/springfish/tools/harness_core/backend.py", line 266, in chat
    raise last_err or RuntimeError("exhausted retries")
RuntimeError: HTTP 503: {"error":{"type":"server_error","message":"Error from provider (Console): Upstream request failed: Endpoint is unavailable."}}
[03:44:07] battery failed mid-run; re-gating
[03:44:49] attempt 21: provider DOWN ({"error":{"type":"server_error","message":"Error from provid)
[03:45:31] attempt 22: provider UP — launching battery
Traceback (most recent call last):
  File "/Users/shehzad/Desktop/springfish/experiments/exp_s126_v3.py", line 264, in <module>
    main()
    ~~~~^^
  File "/Users/shehzad/Desktop/springfish/experiments/exp_s126_v3.py", line 223, in main
    out, _ = client.chat(messages, purpose='probe',
             ~~~~~~~~~~~^^^^^^^^^^^^^^^^^^^^^^^^^^^
                         json_schema=PROBE_SCHEMA)
                         ^^^^^^^^^^^^^^^^^^^^^^^^^
  File "/Users/shehzad/Desktop/springfish/tools/harness_core/backend.py", line 266, in chat
    raise last_err or RuntimeError("exhausted retries")
RuntimeError: HTTP 503: {"error":{"type":"server_error","message":"Error from provider (Console): Upstream request failed: Endpoint is unavailable."}}
[04:02:34] battery failed mid-run; re-gating
[04:03:16] attempt 23: provider DOWN ({"error":{"type":"server_error","message":"Error from provid)
[04:04:04] attempt 24: provider UP — launching battery
Traceback (most recent call last):
  File "/Users/shehzad/Desktop/springfish/experiments/exp_s126_v3.py", line 264, in <module>
    main()
    ~~~~^^
  File "/Users/shehzad/Desktop/springfish/experiments/exp_s126_v3.py", line 171, in main
    history, generated = seed_raw(client, given, prods)
                         ~~~~~~~~^^^^^^^^^^^^^^^^^^^^^^
  File "/Users/shehzad/Desktop/springfish/experiments/exp_s126_v3.py", line 117, in seed_raw
    generated.append(chat(p).strip())
                     ~~~~^^^
  File "/Users/shehzad/Desktop/springfish/experiments/exp_s126_v3.py", line 110, in chat
    out, _ = client.chat(list(history), purpose='turn')
             ~~~~~~~~~~~^^^^^^^^^^^^^^^^^^^^^^^^^^^^^^^
  File "/Users/shehzad/Desktop/springfish/tools/harness_core/backend.py", line 266, in chat
    raise last_err or RuntimeError("exhausted retries")
RuntimeError: HTTP 503: {"error":{"type":"server_error","message":"Error from provider (Console): Upstream request failed: Endpoint is unavailable."}}
[04:07:23] battery failed mid-run; re-gating
[04:08:06] attempt 25: provider DOWN ({"error":{"type":"server_error","message":"Error from provid)
[04:09:12] attempt 26: provider DOWN ()
[04:09:53] attempt 27: provider DOWN ({"error":{"type":"server_error","message":"Error from provid)
[04:10:59] attempt 28: provider DOWN ()
[04:12:05] attempt 29: provider DOWN ()
[04:13:11] attempt 30: provider DOWN ()
[04:13:53] attempt 31: provider DOWN ({"error":{"type":"server_error","message":"Error from provid)
[04:14:59] attempt 32: provider DOWN ()
[04:15:41] attempt 33: provider DOWN ({"error":{"type":"server_error","message":"Error from provid)
[04:16:47] attempt 34: provider DOWN ()
[04:17:52] attempt 35: provider DOWN ()
[04:18:58] attempt 36: provider DOWN ()
[04:19:40] attempt 37: provider DOWN ({"error":{"type":"server_error","message":"Error from provid)
[04:20:21] attempt 38: provider DOWN ({"error":{"type":"server_error","message":"Error from provid)
[04:21:04] attempt 39: provider DOWN ({"error":{"type":"server_error","message":"Error from provid)
[04:21:45] attempt 40: provider DOWN ({"error":{"type":"server_error","message":"Error from provid)
[04:22:28] attempt 41: provider DOWN ({"error":{"type":"server_error","message":"Error from provid)
[04:23:10] attempt 42: provider DOWN ({"error":{"type":"server_error","message":"Error from provid)
[04:23:52] attempt 43: provider DOWN ({"error":{"type":"server_error","message":"Error from provid)
[04:24:39] attempt 44: provider UP — launching battery
Traceback (most recent call last):
  File "/Users/shehzad/Desktop/springfish/experiments/exp_s126_v3.py", line 264, in <module>
    main()
    ~~~~^^
  File "/Users/shehzad/Desktop/springfish/experiments/exp_s126_v3.py", line 171, in main
    history, generated = seed_raw(client, given, prods)
                         ~~~~~~~~^^^^^^^^^^^^^^^^^^^^^^
  File "/Users/shehzad/Desktop/springfish/experiments/exp_s126_v3.py", line 115, in seed_raw
    chat(f"Memory record stored for later reference: \"{g}\"")
    ~~~~^^^^^^^^^^^^^^^^^^^^^^^^^^^^^^^^^^^^^^^^^^^^^^^^^^^^^^
  File "/Users/shehzad/Desktop/springfish/experiments/exp_s126_v3.py", line 110, in chat
    out, _ = client.chat(list(history), purpose='turn')
             ~~~~~~~~~~~^^^^^^^^^^^^^^^^^^^^^^^^^^^^^^^
  File "/Users/shehzad/Desktop/springfish/tools/harness_core/backend.py", line 266, in chat
    raise last_err or RuntimeError("exhausted retries")
RuntimeError: HTTP 503: {"error":{"type":"server_error","message":"Error from provider (Console): Upstream request failed: Endpoint is unavailable."}}
[04:44:22] battery failed mid-run; re-gating
[04:45:04] attempt 45: provider DOWN ({"error":{"type":"server_error","message":"Error from provid)
[04:45:52] attempt 46: provider UP — launching battery
Traceback (most recent call last):
  File "/Users/shehzad/Desktop/springfish/experiments/exp_s126_v3.py", line 264, in <module>
    main()
    ~~~~^^
  File "/Users/shehzad/Desktop/springfish/experiments/exp_s126_v3.py", line 223, in main
    out, _ = client.chat(messages, purpose='probe',
             ~~~~~~~~~~~^^^^^^^^^^^^^^^^^^^^^^^^^^^
                         json_schema=PROBE_SCHEMA)
                         ^^^^^^^^^^^^^^^^^^^^^^^^^
  File "/Users/shehzad/Desktop/springfish/tools/harness_core/backend.py", line 266, in chat
    raise last_err or RuntimeError("exhausted retries")
RuntimeError: HTTP 503: {"error":{"type":"server_error","message":"Error from provider (Console): Upstream request failed: Endpoint is unavailable."}}
[04:50:25] battery failed mid-run; re-gating
[04:51:16] attempt 47: provider UP — launching battery
Traceback (most recent call last):
  File "/Users/shehzad/Desktop/springfish/experiments/exp_s126_v3.py", line 264, in <module>
    main()
    ~~~~^^
  File "/Users/shehzad/Desktop/springfish/experiments/exp_s126_v3.py", line 171, in main
    history, generated = seed_raw(client, given, prods)
                         ~~~~~~~~^^^^^^^^^^^^^^^^^^^^^^
  File "/Users/shehzad/Desktop/springfish/experiments/exp_s126_v3.py", line 117, in seed_raw
    generated.append(chat(p).strip())
                     ~~~~^^^
  File "/Users/shehzad/Desktop/springfish/experiments/exp_s126_v3.py", line 110, in chat
    out, _ = client.chat(list(history), purpose='turn')
             ~~~~~~~~~~~^^^^^^^^^^^^^^^^^^^^^^^^^^^^^^^
  File "/Users/shehzad/Desktop/springfish/tools/harness_core/backend.py", line 266, in chat
    raise last_err or RuntimeError("exhausted retries")
RuntimeError: HTTP 503: {"error":{"type":"server_error","message":"Error from provider (Console): Upstream request failed: Endpoint is unavailable."}}
[04:53:55] battery failed mid-run; re-gating
[04:54:38] attempt 48: provider UP — launching battery
Traceback (most recent call last):
  File "/Users/shehzad/Desktop/springfish/experiments/exp_s126_v3.py", line 264, in <module>
    main()
    ~~~~^^
  File "/Users/shehzad/Desktop/springfish/experiments/exp_s126_v3.py", line 223, in main
    out, _ = client.chat(messages, purpose='probe',
             ~~~~~~~~~~~^^^^^^^^^^^^^^^^^^^^^^^^^^^
                         json_schema=PROBE_SCHEMA)
                         ^^^^^^^^^^^^^^^^^^^^^^^^^
  File "/Users/shehzad/Desktop/springfish/tools/harness_core/backend.py", line 266, in chat
    raise last_err or RuntimeError("exhausted retries")
RuntimeError: HTTP 503: {"error":{"type":"server_error","message":"Error from provider (Console): Upstream request failed: Endpoint is unavailable."}}
[05:04:33] battery failed mid-run; re-gating
[05:05:15] attempt 49: provider UP — launching battery
Traceback (most recent call last):
  File "/Users/shehzad/Desktop/springfish/experiments/exp_s126_v3.py", line 264, in <module>
    indent=1))
    
  File "/Users/shehzad/Desktop/springfish/experiments/exp_s126_v3.py", line 223, in main
    ([{"role": "system", "content": check_ctx}]
     if check_ctx else []) +
  File "/Users/shehzad/Desktop/springfish/tools/harness_core/backend.py", line 266, in chat
    raise last_err or RuntimeError("exhausted retries")
RuntimeError: HTTP 503: {"error":{"type":"server_error","message":"Error from provider (Console): Upstream request failed: Endpoint is unavailable."}}
[05:32:49] battery failed mid-run; re-gating
[05:33:35] attempt 50: provider UP — launching battery
Traceback (most recent call last):
  File "/Users/shehzad/Desktop/springfish/experiments/exp_s126_v3.py", line 268, in <module>
    main()
    ~~~~^^
  File "/Users/shehzad/Desktop/springfish/experiments/exp_s126_v3.py", line 171, in main
    history, generated = seed_raw(client, given, prods)
                         ~~~~~~~~^^^^^^^^^^^^^^^^^^^^^^
  File "/Users/shehzad/Desktop/springfish/experiments/exp_s126_v3.py", line 115, in seed_raw
    chat(f"Memory record stored for later reference: \"{g}\"")
    ~~~~^^^^^^^^^^^^^^^^^^^^^^^^^^^^^^^^^^^^^^^^^^^^^^^^^^^^^^
  File "/Users/shehzad/Desktop/springfish/experiments/exp_s126_v3.py", line 110, in chat
    out, _ = client.chat(list(history), purpose='turn')
             ~~~~~~~~~~~^^^^^^^^^^^^^^^^^^^^^^^^^^^^^^^
  File "/Users/shehzad/Desktop/springfish/tools/harness_core/backend.py", line 266, in chat
    raise last_err or RuntimeError("exhausted retries")
RuntimeError: HTTP 503: {"error":{"type":"server_error","message":"Error from provider (Console): Upstream request failed: Endpoint is unavailable."}}
[05:38:27] battery failed mid-run; re-gating
[05:39:08] attempt 51: provider DOWN ({"error":{"type":"server_error","message":"Error from provid)
[05:39:50] attempt 52: provider DOWN ({"error":{"type":"server_error","message":"Error from provid)
[05:40:31] attempt 53: provider DOWN ({"error":{"type":"server_error","message":"Error from provid)
[05:41:14] attempt 54: provider UP — launching battery
Traceback (most recent call last):
  File "/Users/shehzad/Desktop/springfish/experiments/exp_s126_v3.py", line 268, in <module>
    main()
    ~~~~^^
  File "/Users/shehzad/Desktop/springfish/experiments/exp_s126_v3.py", line 227, in main
    out, _ = client.chat(messages, purpose='probe',
             ~~~~~~~~~~~^^^^^^^^^^^^^^^^^^^^^^^^^^^
                         json_schema=PROBE_SCHEMA)
                         ^^^^^^^^^^^^^^^^^^^^^^^^^
  File "/Users/shehzad/Desktop/springfish/tools/harness_core/backend.py", line 266, in chat
    raise last_err or RuntimeError("exhausted retries")
RuntimeError: HTTP 503: {"error":{"type":"server_error","message":"Error from provider (Console): Upstream request failed: Endpoint is unavailable."}}
[05:46:17] battery failed mid-run; re-gating
[05:46:59] attempt 55: provider DOWN ({"error":{"type":"server_error","message":"Error from provid)
[05:47:41] attempt 56: provider UP — launching battery
Traceback (most recent call last):
  File "/Users/shehzad/Desktop/springfish/experiments/exp_s126_v3.py", line 268, in <module>
    main()
    ~~~~^^
  File "/Users/shehzad/Desktop/springfish/experiments/exp_s126_v3.py", line 227, in main
    out, _ = client.chat(messages, purpose='probe',
             ~~~~~~~~~~~^^^^^^^^^^^^^^^^^^^^^^^^^^^
                         json_schema=PROBE_SCHEMA)
                         ^^^^^^^^^^^^^^^^^^^^^^^^^
  File "/Users/shehzad/Desktop/springfish/tools/harness_core/backend.py", line 266, in chat
    raise last_err or RuntimeError("exhausted retries")
RuntimeError: HTTP 503: {"error":{"type":"server_error","message":"Error from provider (Console): Upstream request failed: Endpoint is unavailable."}}
[05:51:32] battery failed mid-run; re-gating
[05:52:14] attempt 57: provider DOWN ({"error":{"type":"server_error","message":"Error from provid)
[05:52:56] attempt 58: provider UP — launching battery
Traceback (most recent call last):
  File "/Users/shehzad/Desktop/springfish/experiments/exp_s126_v3.py", line 268, in <module>
    main()
    ~~~~^^
  File "/Users/shehzad/Desktop/springfish/experiments/exp_s126_v3.py", line 171, in main
    history, generated = seed_raw(client, given, prods)
                         ~~~~~~~~^^^^^^^^^^^^^^^^^^^^^^
  File "/Users/shehzad/Desktop/springfish/experiments/exp_s126_v3.py", line 117, in seed_raw
    generated.append(chat(p).strip())
                     ~~~~^^^
  File "/Users/shehzad/Desktop/springfish/experiments/exp_s126_v3.py", line 110, in chat
    out, _ = client.chat(list(history), purpose='turn')
             ~~~~~~~~~~~^^^^^^^^^^^^^^^^^^^^^^^^^^^^^^^
  File "/Users/shehzad/Desktop/springfish/tools/harness_core/backend.py", line 266, in chat
    raise last_err or RuntimeError("exhausted retries")
RuntimeError: HTTP 503: {"error":{"type":"server_error","message":"Error from provider (Console): Upstream request failed: Endpoint is unavailable."}}
[06:09:30] battery failed mid-run; re-gating
[06:10:12] attempt 59: provider DOWN ({"error":{"type":"server_error","message":"Error from provid)
[06:10:54] attempt 60: provider DOWN ({"error":{"type":"server_error","message":"Error from provid)
[06:11:36] attempt 61: provider UP — launching battery
Traceback (most recent call last):
  File "/Users/shehzad/Desktop/springfish/experiments/exp_s126_v3.py", line 268, in <module>
    main()
    ~~~~^^
  File "/Users/shehzad/Desktop/springfish/experiments/exp_s126_v3.py", line 227, in main
    out, _ = client.chat(messages, purpose='probe',
             ~~~~~~~~~~~^^^^^^^^^^^^^^^^^^^^^^^^^^^
                         json_schema=PROBE_SCHEMA)
                         ^^^^^^^^^^^^^^^^^^^^^^^^^
  File "/Users/shehzad/Desktop/springfish/tools/harness_core/backend.py", line 266, in chat
    raise last_err or RuntimeError("exhausted retries")
RuntimeError: HTTP 503: {"error":{"type":"server_error","message":"Error from provider (Console): Upstream request failed: Endpoint is unavailable."}}
[06:15:44] battery failed mid-run; re-gating
[06:16:26] attempt 62: provider UP — launching battery
Traceback (most recent call last):
  File "/Users/shehzad/Desktop/springfish/experiments/exp_s126_v3.py", line 268, in <module>
    main()
    ~~~~^^
  File "/Users/shehzad/Desktop/springfish/experiments/exp_s126_v3.py", line 227, in main
    out, _ = client.chat(messages, purpose='probe',
             ~~~~~~~~~~~^^^^^^^^^^^^^^^^^^^^^^^^^^^
                         json_schema=PROBE_SCHEMA)
                         ^^^^^^^^^^^^^^^^^^^^^^^^^
  File "/Users/shehzad/Desktop/springfish/tools/harness_core/backend.py", line 253, in chat
    data = json.loads(raw)
  File "/opt/homebrew/Cellar/python@3.14/3.14.6/Frameworks/Python.framework/Versions/3.14/lib/python3.14/json/__init__.py", line 352, in loads
    return _default_decoder.decode(s)
           ~~~~~~~~~~~~~~~~~~~~~~~^^^
  File "/opt/homebrew/Cellar/python@3.14/3.14.6/Frameworks/Python.framework/Versions/3.14/lib/python3.14/json/decoder.py", line 345, in decode
    obj, end = self.raw_decode(s, idx=_w(s, 0).end())
               ~~~~~~~~~~~~~~~^^^^^^^^^^^^^^^^^^^^^^^
  File "/opt/homebrew/Cellar/python@3.14/3.14.6/Frameworks/Python.framework/Versions/3.14/lib/python3.14/json/decoder.py", line 363, in raw_decode
    raise JSONDecodeError("Expecting value", s, err.value) from None
json.decoder.JSONDecodeError: Expecting value: line 1 column 1 (char 0)
[06:20:41] battery failed mid-run; re-gating
[06:21:24] attempt 63: provider UP — launching battery
Traceback (most recent call last):
  File "/Users/shehzad/Desktop/springfish/experiments/exp_s126_v3.py", line 268, in <module>
    main()
    ~~~~^^
  File "/Users/shehzad/Desktop/springfish/experiments/exp_s126_v3.py", line 171, in main
    history, generated = seed_raw(client, given, prods)
                         ~~~~~~~~^^^^^^^^^^^^^^^^^^^^^^
  File "/Users/shehzad/Desktop/springfish/experiments/exp_s126_v3.py", line 117, in seed_raw
    generated.append(chat(p).strip())
                     ~~~~^^^
  File "/Users/shehzad/Desktop/springfish/experiments/exp_s126_v3.py", line 110, in chat
    out, _ = client.chat(list(history), purpose='turn')
             ~~~~~~~~~~~^^^^^^^^^^^^^^^^^^^^^^^^^^^^^^^
  File "/Users/shehzad/Desktop/springfish/tools/harness_core/backend.py", line 266, in chat
    raise last_err or RuntimeError("exhausted retries")
RuntimeError: HTTP 503: {"error":{"type":"server_error","message":"Error from provider (Console): Upstream request failed: Endpoint is unavailable."}}
[06:30:53] battery failed mid-run; re-gating
[06:31:34] attempt 64: provider DOWN ({"error":{"type":"server_error","message":"Error from provid)
[06:32:17] attempt 65: provider UP — launching battery
Traceback (most recent call last):
  File "/Users/shehzad/Desktop/springfish/experiments/exp_s126_v3.py", line 268, in <module>
    main()
    ~~~~^^
  File "/Users/shehzad/Desktop/springfish/experiments/exp_s126_v3.py", line 171, in main
    history, generated = seed_raw(client, given, prods)
                         ~~~~~~~~^^^^^^^^^^^^^^^^^^^^^^
  File "/Users/shehzad/Desktop/springfish/experiments/exp_s126_v3.py", line 115, in seed_raw
    chat(f"Memory record stored for later reference: \"{g}\"")
    ~~~~^^^^^^^^^^^^^^^^^^^^^^^^^^^^^^^^^^^^^^^^^^^^^^^^^^^^^^
  File "/Users/shehzad/Desktop/springfish/experiments/exp_s126_v3.py", line 110, in chat
    out, _ = client.chat(list(history), purpose='turn')
             ~~~~~~~~~~~^^^^^^^^^^^^^^^^^^^^^^^^^^^^^^^
  File "/Users/shehzad/Desktop/springfish/tools/harness_core/backend.py", line 266, in chat
    raise last_err or RuntimeError("exhausted retries")
RuntimeError: HTTP 503: {"error":{"type":"server_error","message":"Error from provider (Console): Upstream request failed: Endpoint is unavailable."}}
[06:45:41] battery failed mid-run; re-gating
[06:46:22] attempt 66: provider DOWN ({"error":{"type":"server_error","message":"Error from provid)
[06:47:22] attempt 67: provider UP — launching battery
Traceback (most recent call last):
  File "/Users/shehzad/Desktop/springfish/experiments/exp_s126_v3.py", line 268, in <module>
    main()
    ~~~~^^
  File "/Users/shehzad/Desktop/springfish/experiments/exp_s126_v3.py", line 171, in main
    history, generated = seed_raw(client, given, prods)
                         ~~~~~~~~^^^^^^^^^^^^^^^^^^^^^^
  File "/Users/shehzad/Desktop/springfish/experiments/exp_s126_v3.py", line 115, in seed_raw
    chat(f"Memory record stored for later reference: \"{g}\"")
    ~~~~^^^^^^^^^^^^^^^^^^^^^^^^^^^^^^^^^^^^^^^^^^^^^^^^^^^^^^
  File "/Users/shehzad/Desktop/springfish/experiments/exp_s126_v3.py", line 110, in chat
    out, _ = client.chat(list(history), purpose='turn')
             ~~~~~~~~~~~^^^^^^^^^^^^^^^^^^^^^^^^^^^^^^^
  File "/Users/shehzad/Desktop/springfish/tools/harness_core/backend.py", line 266, in chat
    raise last_err or RuntimeError("exhausted retries")
RuntimeError: HTTP 503: {"error":{"type":"server_error","message":"Error from provider (Console): Upstream request failed: Endpoint is unavailable."}}
[06:48:53] battery failed mid-run; re-gating
[06:49:35] attempt 68: provider UP — launching battery
Traceback (most recent call last):
  File "/Users/shehzad/Desktop/springfish/experiments/exp_s126_v3.py", line 268, in <module>
    main()
    ~~~~^^
  File "/Users/shehzad/Desktop/springfish/experiments/exp_s126_v3.py", line 171, in main
    history, generated = seed_raw(client, given, prods)
                         ~~~~~~~~^^^^^^^^^^^^^^^^^^^^^^
  File "/Users/shehzad/Desktop/springfish/experiments/exp_s126_v3.py", line 115, in seed_raw
    chat(f"Memory record stored for later reference: \"{g}\"")
    ~~~~^^^^^^^^^^^^^^^^^^^^^^^^^^^^^^^^^^^^^^^^^^^^^^^^^^^^^^
  File "/Users/shehzad/Desktop/springfish/experiments/exp_s126_v3.py", line 110, in chat
    out, _ = client.chat(list(history), purpose='turn')
             ~~~~~~~~~~~^^^^^^^^^^^^^^^^^^^^^^^^^^^^^^^
  File "/Users/shehzad/Desktop/springfish/tools/harness_core/backend.py", line 266, in chat
    raise last_err or RuntimeError("exhausted retries")
RuntimeError: HTTP 503: {"error":{"type":"server_error","message":"Error from provider (Console): Upstream request failed: Endpoint is unavailable."}}
[06:51:03] battery failed mid-run; re-gating
[06:51:45] attempt 69: provider DOWN ({"error":{"type":"server_error","message":"Error from provid)
[06:52:28] attempt 70: provider DOWN ({"error":{"type":"server_error","message":"Error from provid)
[06:53:10] attempt 71: provider DOWN ({"error":{"type":"server_error","message":"Error from provid)
[06:53:52] attempt 72: provider DOWN ({"error":{"type":"server_error","message":"Error from provid)
[06:54:35] attempt 73: provider UP — launching battery
Traceback (most recent call last):
  File "/Users/shehzad/Desktop/springfish/experiments/exp_s126_v3.py", line 268, in <module>
    main()
    ~~~~^^
  File "/Users/shehzad/Desktop/springfish/experiments/exp_s126_v3.py", line 227, in main
    out, _ = client.chat(messages, purpose='probe',
             ~~~~~~~~~~~^^^^^^^^^^^^^^^^^^^^^^^^^^^
                         json_schema=PROBE_SCHEMA)
                         ^^^^^^^^^^^^^^^^^^^^^^^^^
  File "/Users/shehzad/Desktop/springfish/tools/harness_core/backend.py", line 266, in chat
    raise last_err or RuntimeError("exhausted retries")
RuntimeError: HTTP 503: {"error":{"type":"server_error","message":"Error from provider (Console): Upstream request failed: Endpoint is unavailable."}}
[06:59:09] battery failed mid-run; re-gating
[06:59:50] attempt 74: provider DOWN ({"error":{"type":"server_error","message":"Error from provid)
[07:00:32] attempt 75: provider DOWN ({"error":{"type":"server_error","message":"Error from provid)
[07:01:15] attempt 76: provider UP — launching battery
Traceback (most recent call last):
  File "/Users/shehzad/Desktop/springfish/experiments/exp_s126_v3.py", line 268, in <module>
    main()
    ~~~~^^
  File "/Users/shehzad/Desktop/springfish/experiments/exp_s126_v3.py", line 171, in main
    history, generated = seed_raw(client, given, prods)
                         ~~~~~~~~^^^^^^^^^^^^^^^^^^^^^^
  File "/Users/shehzad/Desktop/springfish/experiments/exp_s126_v3.py", line 115, in seed_raw
    chat(f"Memory record stored for later reference: \"{g}\"")
    ~~~~^^^^^^^^^^^^^^^^^^^^^^^^^^^^^^^^^^^^^^^^^^^^^^^^^^^^^^
  File "/Users/shehzad/Desktop/springfish/experiments/exp_s126_v3.py", line 110, in chat
    out, _ = client.chat(list(history), purpose='turn')
             ~~~~~~~~~~~^^^^^^^^^^^^^^^^^^^^^^^^^^^^^^^
  File "/Users/shehzad/Desktop/springfish/tools/harness_core/backend.py", line 266, in chat
    raise last_err or RuntimeError("exhausted retries")
RuntimeError: HTTP 503: {"error":{"type":"server_error","message":"Error from provider (Console): Upstream request failed: Endpoint is unavailable."}}
[07:02:40] battery failed mid-run; re-gating
[07:03:22] attempt 77: provider DOWN ({"error":{"type":"server_error","message":"Error from provid)
[07:04:05] attempt 78: provider UP — launching battery
Traceback (most recent call last):
  File "/Users/shehzad/Desktop/springfish/experiments/exp_s126_v3.py", line 268, in <module>
    main()
    ~~~~^^
  File "/Users/shehzad/Desktop/springfish/experiments/exp_s126_v3.py", line 171, in main
    history, generated = seed_raw(client, given, prods)
                         ~~~~~~~~^^^^^^^^^^^^^^^^^^^^^^
  File "/Users/shehzad/Desktop/springfish/experiments/exp_s126_v3.py", line 115, in seed_raw
    chat(f"Memory record stored for later reference: \"{g}\"")
    ~~~~^^^^^^^^^^^^^^^^^^^^^^^^^^^^^^^^^^^^^^^^^^^^^^^^^^^^^^
  File "/Users/shehzad/Desktop/springfish/experiments/exp_s126_v3.py", line 110, in chat
    out, _ = client.chat(list(history), purpose='turn')
             ~~~~~~~~~~~^^^^^^^^^^^^^^^^^^^^^^^^^^^^^^^
  File "/Users/shehzad/Desktop/springfish/tools/harness_core/backend.py", line 266, in chat
    raise last_err or RuntimeError("exhausted retries")
RuntimeError: HTTP 503: {"error":{"type":"server_error","message":"Error from provider (Console): Upstream request failed: Endpoint is unavailable."}}
[07:11:22] battery failed mid-run; re-gating
[07:12:05] attempt 79: provider UP — launching battery
Traceback (most recent call last):
  File "/Users/shehzad/Desktop/springfish/experiments/exp_s126_v3.py", line 268, in <module>
    main()
    ~~~~^^
  File "/Users/shehzad/Desktop/springfish/experiments/exp_s126_v3.py", line 171, in main
    history, generated = seed_raw(client, given, prods)
                         ~~~~~~~~^^^^^^^^^^^^^^^^^^^^^^
  File "/Users/shehzad/Desktop/springfish/experiments/exp_s126_v3.py", line 115, in seed_raw
    chat(f"Memory record stored for later reference: \"{g}\"")
    ~~~~^^^^^^^^^^^^^^^^^^^^^^^^^^^^^^^^^^^^^^^^^^^^^^^^^^^^^^
  File "/Users/shehzad/Desktop/springfish/experiments/exp_s126_v3.py", line 110, in chat
    out, _ = client.chat(list(history), purpose='turn')
             ~~~~~~~~~~~^^^^^^^^^^^^^^^^^^^^^^^^^^^^^^^
  File "/Users/shehzad/Desktop/springfish/tools/harness_core/backend.py", line 266, in chat
    raise last_err or RuntimeError("exhausted retries")
RuntimeError: HTTP 503: {"error":{"type":"server_error","message":"Error from provider (Console): Upstream request failed: Endpoint is unavailable."}}
[07:21:10] battery failed mid-run; re-gating
[07:21:53] attempt 80: provider UP — launching battery
Traceback (most recent call last):
  File "/Users/shehzad/Desktop/springfish/experiments/exp_s126_v3.py", line 268, in <module>
    main()
    ~~~~^^
  File "/Users/shehzad/Desktop/springfish/experiments/exp_s126_v3.py", line 171, in main
    history, generated = seed_raw(client, given, prods)
                         ~~~~~~~~^^^^^^^^^^^^^^^^^^^^^^
  File "/Users/shehzad/Desktop/springfish/experiments/exp_s126_v3.py", line 117, in seed_raw
    generated.append(chat(p).strip())
                     ~~~~^^^
  File "/Users/shehzad/Desktop/springfish/experiments/exp_s126_v3.py", line 110, in chat
    out, _ = client.chat(list(history), purpose='turn')
             ~~~~~~~~~~~^^^^^^^^^^^^^^^^^^^^^^^^^^^^^^^
  File "/Users/shehzad/Desktop/springfish/tools/harness_core/backend.py", line 266, in chat
    raise last_err or RuntimeError("exhausted retries")
RuntimeError: HTTP 503: {"error":{"type":"server_error","message":"Error from provider (Console): Upstream request failed: Endpoint is unavailable."}}
[07:29:27] battery failed mid-run; re-gating
[07:30:12] attempt 81: provider UP — launching battery
Traceback (most recent call last):
  File "/Users/shehzad/Desktop/springfish/experiments/exp_s126_v3.py", line 268, in <module>
    main()
    ~~~~^^
  File "/Users/shehzad/Desktop/springfish/experiments/exp_s126_v3.py", line 171, in main
    history, generated = seed_raw(client, given, prods)
                         ~~~~~~~~^^^^^^^^^^^^^^^^^^^^^^
  File "/Users/shehzad/Desktop/springfish/experiments/exp_s126_v3.py", line 115, in seed_raw
    chat(f"Memory record stored for later reference: \"{g}\"")
    ~~~~^^^^^^^^^^^^^^^^^^^^^^^^^^^^^^^^^^^^^^^^^^^^^^^^^^^^^^
  File "/Users/shehzad/Desktop/springfish/experiments/exp_s126_v3.py", line 110, in chat
    out, _ = client.chat(list(history), purpose='turn')
             ~~~~~~~~~~~^^^^^^^^^^^^^^^^^^^^^^^^^^^^^^^
  File "/Users/shehzad/Desktop/springfish/tools/harness_core/backend.py", line 266, in chat
    raise last_err or RuntimeError("exhausted retries")
RuntimeError: HTTP 503: {"error":{"type":"server_error","message":"Error from provider (Console): Upstream request failed: Endpoint is unavailable."}}
[07:31:21] battery failed mid-run; re-gating
[07:32:02] attempt 82: provider DOWN ({"error":{"type":"server_error","message":"Error from provid)
[07:32:44] attempt 83: provider DOWN ({"error":{"type":"server_error","message":"Error from provid)
[07:33:25] attempt 84: provider DOWN ({"error":{"type":"server_error","message":"Error from provid)
[07:34:07] attempt 85: provider DOWN ({"error":{"type":"server_error","message":"Error from provid)
[07:34:49] attempt 86: provider UP — launching battery
Traceback (most recent call last):
  File "/Users/shehzad/Desktop/springfish/experiments/exp_s126_v3.py", line 268, in <module>
    main()
    ~~~~^^
  File "/Users/shehzad/Desktop/springfish/experiments/exp_s126_v3.py", line 227, in main
    out, _ = client.chat(messages, purpose='probe',
             ~~~~~~~~~~~^^^^^^^^^^^^^^^^^^^^^^^^^^^
                         json_schema=PROBE_SCHEMA)
                         ^^^^^^^^^^^^^^^^^^^^^^^^^
  File "/Users/shehzad/Desktop/springfish/tools/harness_core/backend.py", line 266, in chat
    raise last_err or RuntimeError("exhausted retries")
RuntimeError: HTTP 503: {"error":{"type":"server_error","message":"Error from provider (Console): Upstream request failed: Endpoint is unavailable."}}
[07:37:55] battery failed mid-run; re-gating
[07:38:37] attempt 87: provider DOWN ({"error":{"type":"server_error","message":"Error from provid)
[07:39:19] attempt 88: provider DOWN ({"error":{"type":"server_error","message":"Error from provid)
[07:40:02] attempt 89: provider UP — launching battery
Traceback (most recent call last):
  File "/Users/shehzad/Desktop/springfish/experiments/exp_s126_v3.py", line 268, in <module>
    main()
    ~~~~^^
  File "/Users/shehzad/Desktop/springfish/experiments/exp_s126_v3.py", line 171, in main
    history, generated = seed_raw(client, given, prods)
                         ~~~~~~~~^^^^^^^^^^^^^^^^^^^^^^
  File "/Users/shehzad/Desktop/springfish/experiments/exp_s126_v3.py", line 115, in seed_raw
    chat(f"Memory record stored for later reference: \"{g}\"")
    ~~~~^^^^^^^^^^^^^^^^^^^^^^^^^^^^^^^^^^^^^^^^^^^^^^^^^^^^^^
  File "/Users/shehzad/Desktop/springfish/experiments/exp_s126_v3.py", line 110, in chat
    out, _ = client.chat(list(history), purpose='turn')
             ~~~~~~~~~~~^^^^^^^^^^^^^^^^^^^^^^^^^^^^^^^
  File "/Users/shehzad/Desktop/springfish/tools/harness_core/backend.py", line 266, in chat
    raise last_err or RuntimeError("exhausted retries")
RuntimeError: HTTP 503: {"error":{"type":"server_error","message":"Error from provider (Console): Upstream request failed: Endpoint is unavailable."}}
[07:42:27] battery failed mid-run; re-gating
[07:43:10] attempt 90: provider UP — launching battery
Traceback (most recent call last):
  File "/Users/shehzad/Desktop/springfish/experiments/exp_s126_v3.py", line 268, in <module>
    main()
    ~~~~^^
  File "/Users/shehzad/Desktop/springfish/experiments/exp_s126_v3.py", line 171, in main
    history, generated = seed_raw(client, given, prods)
                         ~~~~~~~~^^^^^^^^^^^^^^^^^^^^^^
  File "/Users/shehzad/Desktop/springfish/experiments/exp_s126_v3.py", line 117, in seed_raw
    generated.append(chat(p).strip())
                     ~~~~^^^
  File "/Users/shehzad/Desktop/springfish/experiments/exp_s126_v3.py", line 110, in chat
    out, _ = client.chat(list(history), purpose='turn')
             ~~~~~~~~~~~^^^^^^^^^^^^^^^^^^^^^^^^^^^^^^^
  File "/Users/shehzad/Desktop/springfish/tools/harness_core/backend.py", line 266, in chat
    raise last_err or RuntimeError("exhausted retries")
RuntimeError: HTTP 503: {"error":{"type":"server_error","message":"Error from provider (Console): Upstream request failed: Endpoint is unavailable."}}
[07:46:13] battery failed mid-run; re-gating
[07:46:54] attempt 91: provider DOWN ({"error":{"type":"server_error","message":"Error from provid)
[07:47:36] attempt 92: provider DOWN ({"error":{"type":"server_error","message":"Error from provid)
[07:48:17] attempt 93: provider DOWN ({"error":{"type":"server_error","message":"Error from provid)
[07:48:59] attempt 94: provider DOWN ({"error":{"type":"server_error","message":"Error from provid)
[07:49:40] attempt 95: provider DOWN ({"error":{"type":"server_error","message":"Error from provid)
[07:50:21] attempt 96: provider DOWN ({"error":{"type":"server_error","message":"Error from provid)
[07:51:03] attempt 97: provider DOWN ({"error":{"type":"server_error","message":"Error from provid)
[07:51:44] attempt 98: provider DOWN ({"error":{"type":"server_error","message":"Error from provid)
[07:52:25] attempt 99: provider DOWN ({"error":{"type":"server_error","message":"Error from provid)
[07:53:06] attempt 100: provider DOWN ({"error":{"type":"server_error","message":"Error from provid)
[07:53:48] attempt 101: provider DOWN ({"error":{"type":"server_error","message":"Error from provid)
[07:54:30] attempt 102: provider DOWN ({"error":{"type":"server_error","message":"Error from provid)
[07:55:11] attempt 103: provider DOWN ({"error":{"type":"server_error","message":"Error from provid)
[07:55:52] attempt 104: provider DOWN ({"error":{"type":"server_error","message":"Error from provid)
[07:56:34] attempt 105: provider DOWN ({"error":{"type":"server_error","message":"Error from provid)
[07:57:16] attempt 106: provider UP — launching battery
Traceback (most recent call last):
  File "/Users/shehzad/Desktop/springfish/experiments/exp_s126_v3.py", line 268, in <module>
    main()
    ~~~~^^
  File "/Users/shehzad/Desktop/springfish/experiments/exp_s126_v3.py", line 171, in main
    history, generated = seed_raw(client, given, prods)
                         ~~~~~~~~^^^^^^^^^^^^^^^^^^^^^^
  File "/Users/shehzad/Desktop/springfish/experiments/exp_s126_v3.py", line 117, in seed_raw
    generated.append(chat(p).strip())
                     ~~~~^^^
  File "/Users/shehzad/Desktop/springfish/experiments/exp_s126_v3.py", line 110, in chat
    out, _ = client.chat(list(history), purpose='turn')
             ~~~~~~~~~~~^^^^^^^^^^^^^^^^^^^^^^^^^^^^^^^
  File "/Users/shehzad/Desktop/springfish/tools/harness_core/backend.py", line 266, in chat
    raise last_err or RuntimeError("exhausted retries")
RuntimeError: HTTP 503: {"error":{"type":"server_error","message":"Error from provider (Console): Upstream request failed: Endpoint is unavailable."}}
[08:00:17] battery failed mid-run; re-gating
[08:00:58] attempt 107: provider DOWN ({"error":{"type":"server_error","message":"Error from provid)
[08:01:40] attempt 108: provider DOWN ({"error":{"type":"server_error","message":"Error from provid)
[08:02:21] attempt 109: provider DOWN ({"error":{"type":"server_error","message":"Error from provid)
[08:03:03] attempt 110: provider UP — launching battery
Traceback (most recent call last):
  File "/Users/shehzad/Desktop/springfish/experiments/exp_s126_v3.py", line 268, in <module>
    main()
    ~~~~^^
  File "/Users/shehzad/Desktop/springfish/experiments/exp_s126_v3.py", line 171, in main
    history, generated = seed_raw(client, given, prods)
                         ~~~~~~~~^^^^^^^^^^^^^^^^^^^^^^
  File "/Users/shehzad/Desktop/springfish/experiments/exp_s126_v3.py", line 115, in seed_raw
    chat(f"Memory record stored for later reference: \"{g}\"")
    ~~~~^^^^^^^^^^^^^^^^^^^^^^^^^^^^^^^^^^^^^^^^^^^^^^^^^^^^^^
  File "/Users/shehzad/Desktop/springfish/experiments/exp_s126_v3.py", line 110, in chat
    out, _ = client.chat(list(history), purpose='turn')
             ~~~~~~~~~~~^^^^^^^^^^^^^^^^^^^^^^^^^^^^^^^
  File "/Users/shehzad/Desktop/springfish/tools/harness_core/backend.py", line 266, in chat
    raise last_err or RuntimeError("exhausted retries")
RuntimeError: HTTP 503: {"error":{"type":"server_error","message":"Error from provider (Console): Upstream request failed: Endpoint is unavailable."}}
[08:04:09] battery failed mid-run; re-gating
[08:04:51] attempt 111: provider DOWN ({"error":{"type":"server_error","message":"Error from provid)
[08:05:32] attempt 112: provider DOWN ({"error":{"type":"server_error","message":"Error from provid)
[08:06:13] attempt 113: provider DOWN ({"error":{"type":"server_error","message":"Error from provid)
[08:06:55] attempt 114: provider DOWN ({"error":{"type":"server_error","message":"Error from provid)
[08:07:37] attempt 115: provider DOWN ({"error":{"type":"server_error","message":"Error from provid)
[08:08:19] attempt 116: provider UP — launching battery
Traceback (most recent call last):
  File "/Users/shehzad/Desktop/springfish/experiments/exp_s126_v3.py", line 268, in <module>
    main()
    ~~~~^^
  File "/Users/shehzad/Desktop/springfish/experiments/exp_s126_v3.py", line 171, in main
    history, generated = seed_raw(client, given, prods)
                         ~~~~~~~~^^^^^^^^^^^^^^^^^^^^^^
  File "/Users/shehzad/Desktop/springfish/experiments/exp_s126_v3.py", line 115, in seed_raw
    chat(f"Memory record stored for later reference: \"{g}\"")
    ~~~~^^^^^^^^^^^^^^^^^^^^^^^^^^^^^^^^^^^^^^^^^^^^^^^^^^^^^^
  File "/Users/shehzad/Desktop/springfish/experiments/exp_s126_v3.py", line 110, in chat
    out, _ = client.chat(list(history), purpose='turn')
             ~~~~~~~~~~~^^^^^^^^^^^^^^^^^^^^^^^^^^^^^^^
  File "/Users/shehzad/Desktop/springfish/tools/harness_core/backend.py", line 266, in chat
    raise last_err or RuntimeError("exhausted retries")
RuntimeError: HTTP 503: {"error":{"type":"server_error","message":"Error from provider (Console): Upstream request failed: Endpoint is unavailable."}}
[08:10:14] battery failed mid-run; re-gating
[08:10:56] attempt 117: provider DOWN ({"error":{"type":"server_error","message":"Error from provid)
[08:11:38] attempt 118: provider UP — launching battery
Traceback (most recent call last):
  File "/Users/shehzad/Desktop/springfish/experiments/exp_s126_v3.py", line 268, in <module>
    main()
    ~~~~^^
  File "/Users/shehzad/Desktop/springfish/experiments/exp_s126_v3.py", line 171, in main
    history, generated = seed_raw(client, given, prods)
                         ~~~~~~~~^^^^^^^^^^^^^^^^^^^^^^
  File "/Users/shehzad/Desktop/springfish/experiments/exp_s126_v3.py", line 115, in seed_raw
    chat(f"Memory record stored for later reference: \"{g}\"")
    ~~~~^^^^^^^^^^^^^^^^^^^^^^^^^^^^^^^^^^^^^^^^^^^^^^^^^^^^^^
  File "/Users/shehzad/Desktop/springfish/experiments/exp_s126_v3.py", line 110, in chat
    out, _ = client.chat(list(history), purpose='turn')
             ~~~~~~~~~~~^^^^^^^^^^^^^^^^^^^^^^^^^^^^^^^
  File "/Users/shehzad/Desktop/springfish/tools/harness_core/backend.py", line 266, in chat
    raise last_err or RuntimeError("exhausted retries")
RuntimeError: HTTP 503: {"error":{"type":"server_error","message":"Error from provider (Console): Upstream request failed: Endpoint is unavailable."}}
[08:13:19] battery failed mid-run; re-gating
[08:14:00] attempt 119: provider DOWN ({"error":{"type":"server_error","message":"Error from provid)
[08:14:43] attempt 120: provider UP — launching battery
Traceback (most recent call last):
  File "/Users/shehzad/Desktop/springfish/experiments/exp_s126_v3.py", line 268, in <module>
    main()
    ~~~~^^
  File "/Users/shehzad/Desktop/springfish/experiments/exp_s126_v3.py", line 171, in main
    history, generated = seed_raw(client, given, prods)
                         ~~~~~~~~^^^^^^^^^^^^^^^^^^^^^^
  File "/Users/shehzad/Desktop/springfish/experiments/exp_s126_v3.py", line 117, in seed_raw
    generated.append(chat(p).strip())
                     ~~~~^^^
  File "/Users/shehzad/Desktop/springfish/experiments/exp_s126_v3.py", line 110, in chat
    out, _ = client.chat(list(history), purpose='turn')
             ~~~~~~~~~~~^^^^^^^^^^^^^^^^^^^^^^^^^^^^^^^
  File "/Users/shehzad/Desktop/springfish/tools/harness_core/backend.py", line 266, in chat
    raise last_err or RuntimeError("exhausted retries")
RuntimeError: HTTP 503: {"error":{"type":"server_error","message":"Error from provider (Console): Upstream request failed: Endpoint is unavailable."}}
[08:17:01] battery failed mid-run; re-gating
[08:17:43] attempt 121: provider DOWN ({"error":{"type":"server_error","message":"Error from provid)
[08:18:25] attempt 122: provider DOWN ({"error":{"type":"server_error","message":"Error from provid)
[08:19:07] attempt 123: provider DOWN ({"error":{"type":"server_error","message":"Error from provid)
[08:19:58] attempt 124: provider UP — launching battery
Traceback (most recent call last):
  File "/Users/shehzad/Desktop/springfish/experiments/exp_s126_v3.py", line 268, in <module>
    main()
    ~~~~^^
  File "/Users/shehzad/Desktop/springfish/experiments/exp_s126_v3.py", line 171, in main
    history, generated = seed_raw(client, given, prods)
                         ~~~~~~~~^^^^^^^^^^^^^^^^^^^^^^
  File "/Users/shehzad/Desktop/springfish/experiments/exp_s126_v3.py", line 115, in seed_raw
    chat(f"Memory record stored for later reference: \"{g}\"")
    ~~~~^^^^^^^^^^^^^^^^^^^^^^^^^^^^^^^^^^^^^^^^^^^^^^^^^^^^^^
  File "/Users/shehzad/Desktop/springfish/experiments/exp_s126_v3.py", line 110, in chat
    out, _ = client.chat(list(history), purpose='turn')
             ~~~~~~~~~~~^^^^^^^^^^^^^^^^^^^^^^^^^^^^^^^
  File "/Users/shehzad/Desktop/springfish/tools/harness_core/backend.py", line 270, in chat
    raise last_err or RuntimeError("exhausted retries")
RuntimeError: HTTP 503: {"error":{"type":"server_error","message":"Error from provider (Console): Upstream request failed: Endpoint is unavailable."}}
[08:22:19] battery failed mid-run; re-gating
[08:23:00] attempt 125: provider DOWN ({"error":{"type":"server_error","message":"Error from provid)
[08:23:42] attempt 126: provider DOWN ({"error":{"type":"server_error","message":"Error from provid)
[08:24:25] attempt 127: provider UP — launching battery
Traceback (most recent call last):
  File "/Users/shehzad/Desktop/springfish/experiments/exp_s126_v3.py", line 268, in <module>
    main()
    ~~~~^^
  File "/Users/shehzad/Desktop/springfish/experiments/exp_s126_v3.py", line 171, in main
    history, generated = seed_raw(client, given, prods)
                         ~~~~~~~~^^^^^^^^^^^^^^^^^^^^^^
  File "/Users/shehzad/Desktop/springfish/experiments/exp_s126_v3.py", line 115, in seed_raw
    chat(f"Memory record stored for later reference: \"{g}\"")
    ~~~~^^^^^^^^^^^^^^^^^^^^^^^^^^^^^^^^^^^^^^^^^^^^^^^^^^^^^^
  File "/Users/shehzad/Desktop/springfish/experiments/exp_s126_v3.py", line 110, in chat
    out, _ = client.chat(list(history), purpose='turn')
             ~~~~~~~~~~~^^^^^^^^^^^^^^^^^^^^^^^^^^^^^^^
  File "/Users/shehzad/Desktop/springfish/tools/harness_core/backend.py", line 270, in chat
    raise last_err or RuntimeError("exhausted retries")
RuntimeError: HTTP 503: {"error":{"type":"server_error","message":"Error from provider (Console): Upstream request failed: Endpoint is unavailable."}}
[08:25:32] battery failed mid-run; re-gating
[08:26:16] attempt 128: provider DOWN ({"error":{"type":"server_error","message":"Error from provid)
[08:27:04] attempt 129: provider DOWN ({"error":{"type":"server_error","message":"Error from provid)
[08:27:45] attempt 130: provider DOWN ({"error":{"type":"server_error","message":"Error from provid)
[08:28:27] attempt 131: provider DOWN ({"error":{"type":"server_error","message":"Error from provid)
[08:29:09] attempt 132: provider DOWN ({"error":{"type":"server_error","message":"Error from provid)
[08:29:55] attempt 133: provider DOWN ({"type":"error","error":{"type":"error","message":"Internal )
[08:30:36] attempt 134: provider DOWN ({"error":{"type":"server_error","message":"Error from provid)
[08:31:18] attempt 135: provider DOWN ({"error":{"type":"server_error","message":"Error from provid)
[08:31:59] attempt 136: provider DOWN ({"error":{"type":"server_error","message":"Error from provid)
[08:32:41] attempt 137: provider DOWN ({"error":{"type":"server_error","message":"Error from provid)
[08:33:24] attempt 138: provider DOWN ({"error":{"type":"server_error","message":"Error from provid)
[08:34:06] attempt 139: provider DOWN ({"error":{"type":"server_error","message":"Error from provid)
[08:34:48] attempt 140: provider UP — launching battery
Traceback (most recent call last):
  File "/Users/shehzad/Desktop/springfish/experiments/exp_s126_v3.py", line 268, in <module>
    main()
    ~~~~^^
  File "/Users/shehzad/Desktop/springfish/experiments/exp_s126_v3.py", line 171, in main
    history, generated = seed_raw(client, given, prods)
                         ~~~~~~~~^^^^^^^^^^^^^^^^^^^^^^
  File "/Users/shehzad/Desktop/springfish/experiments/exp_s126_v3.py", line 115, in seed_raw
    chat(f"Memory record stored for later reference: \"{g}\"")
    ~~~~^^^^^^^^^^^^^^^^^^^^^^^^^^^^^^^^^^^^^^^^^^^^^^^^^^^^^^
  File "/Users/shehzad/Desktop/springfish/experiments/exp_s126_v3.py", line 110, in chat
    out, _ = client.chat(list(history), purpose='turn')
             ~~~~~~~~~~~^^^^^^^^^^^^^^^^^^^^^^^^^^^^^^^
  File "/Users/shehzad/Desktop/springfish/tools/harness_core/backend.py", line 270, in chat
    raise last_err or RuntimeError("exhausted retries")
RuntimeError: HTTP 503: {"error":{"type":"server_error","message":"Error from provider (Console): Upstream request failed: Endpoint is unavailable."}}
[08:36:11] battery failed mid-run; re-gating
[08:36:52] attempt 141: provider DOWN ({"error":{"type":"server_error","message":"Error from provid)
[08:37:35] attempt 142: provider UP — launching battery
Traceback (most recent call last):
  File "/Users/shehzad/Desktop/springfish/experiments/exp_s126_v3.py", line 268, in <module>
    main()
    ~~~~^^
  File "/Users/shehzad/Desktop/springfish/experiments/exp_s126_v3.py", line 171, in main
    history, generated = seed_raw(client, given, prods)
                         ~~~~~~~~^^^^^^^^^^^^^^^^^^^^^^
  File "/Users/shehzad/Desktop/springfish/experiments/exp_s126_v3.py", line 115, in seed_raw
    chat(f"Memory record stored for later reference: \"{g}\"")
    ~~~~^^^^^^^^^^^^^^^^^^^^^^^^^^^^^^^^^^^^^^^^^^^^^^^^^^^^^^
  File "/Users/shehzad/Desktop/springfish/experiments/exp_s126_v3.py", line 110, in chat
    out, _ = client.chat(list(history), purpose='turn')
             ~~~~~~~~~~~^^^^^^^^^^^^^^^^^^^^^^^^^^^^^^^
  File "/Users/shehzad/Desktop/springfish/tools/harness_core/backend.py", line 270, in chat
    raise last_err or RuntimeError("exhausted retries")
RuntimeError: HTTP 503: {"error":{"type":"server_error","message":"Error from provider (Console): Upstream request failed: Endpoint is unavailable."}}
[08:39:59] battery failed mid-run; re-gating
[08:40:41] attempt 143: provider DOWN ({"error":{"type":"server_error","message":"Error from provid)
[08:41:24] attempt 144: provider DOWN ({"error":{"type":"server_error","message":"Error from provid)
[08:42:07] attempt 145: provider DOWN ({"error":{"type":"server_error","message":"Error from provid)
[08:42:49] attempt 146: provider DOWN ({"error":{"type":"server_error","message":"Error from provid)
[08:43:34] attempt 147: provider DOWN ({"error":{"type":"server_error","message":"Error from provid)
[08:44:17] attempt 148: provider DOWN ({"error":{"type":"server_error","message":"Error from provid)
[08:44:58] attempt 149: provider DOWN ({"error":{"type":"server_error","message":"Error from provid)
[08:45:40] attempt 150: provider DOWN ({"error":{"type":"server_error","message":"Error from provid)
[08:46:24] attempt 151: provider DOWN ({"error":{"type":"server_error","message":"Error from provid)
[08:47:08] attempt 152: provider DOWN ({"error":{"type":"server_error","message":"Error from provid)
[08:47:50] attempt 153: provider DOWN ({"error":{"type":"server_error","message":"Error from provid)
[08:48:31] attempt 154: provider DOWN ({"error":{"type":"server_error","message":"Error from provid)
[08:49:13] attempt 155: provider DOWN ({"error":{"type":"server_error","message":"Error from provid)
[08:49:55] attempt 156: provider UP — launching battery
Traceback (most recent call last):
  File "/Users/shehzad/Desktop/springfish/experiments/exp_s126_v3.py", line 268, in <module>
    main()
    ~~~~^^
  File "/Users/shehzad/Desktop/springfish/experiments/exp_s126_v3.py", line 227, in main
    out, _ = client.chat(messages, purpose='probe',
             ~~~~~~~~~~~^^^^^^^^^^^^^^^^^^^^^^^^^^^
                         json_schema=PROBE_SCHEMA)
                         ^^^^^^^^^^^^^^^^^^^^^^^^^
  File "/Users/shehzad/Desktop/springfish/tools/harness_core/backend.py", line 270, in chat
    raise last_err or RuntimeError("exhausted retries")
RuntimeError: HTTP 503: {"error":{"type":"server_error","message":"Error from provider (Console): Upstream request failed: Endpoint is unavailable."}}
[08:52:48] battery failed mid-run; re-gating
[08:53:31] attempt 157: provider UP — launching battery
Traceback (most recent call last):
  File "/Users/shehzad/Desktop/springfish/experiments/exp_s126_v3.py", line 268, in <module>
    main()
    ~~~~^^
  File "/Users/shehzad/Desktop/springfish/experiments/exp_s126_v3.py", line 171, in main
    history, generated = seed_raw(client, given, prods)
                         ~~~~~~~~^^^^^^^^^^^^^^^^^^^^^^
  File "/Users/shehzad/Desktop/springfish/experiments/exp_s126_v3.py", line 115, in seed_raw
    chat(f"Memory record stored for later reference: \"{g}\"")
    ~~~~^^^^^^^^^^^^^^^^^^^^^^^^^^^^^^^^^^^^^^^^^^^^^^^^^^^^^^
  File "/Users/shehzad/Desktop/springfish/experiments/exp_s126_v3.py", line 110, in chat
    out, _ = client.chat(list(history), purpose='turn')
             ~~~~~~~~~~~^^^^^^^^^^^^^^^^^^^^^^^^^^^^^^^
  File "/Users/shehzad/Desktop/springfish/tools/harness_core/backend.py", line 270, in chat
    raise last_err or RuntimeError("exhausted retries")
RuntimeError: HTTP 503: {"error":{"type":"server_error","message":"Error from provider (Console): Upstream request failed: Endpoint is unavailable."}}
[08:55:02] battery failed mid-run; re-gating
[08:55:45] attempt 158: provider UP — launching battery
Traceback (most recent call last):
  File "/Users/shehzad/Desktop/springfish/experiments/exp_s126_v3.py", line 268, in <module>
    main()
    ~~~~^^
  File "/Users/shehzad/Desktop/springfish/experiments/exp_s126_v3.py", line 227, in main
    out, _ = client.chat(messages, purpose='probe',
             ~~~~~~~~~~~^^^^^^^^^^^^^^^^^^^^^^^^^^^
                         json_schema=PROBE_SCHEMA)
                         ^^^^^^^^^^^^^^^^^^^^^^^^^
  File "/Users/shehzad/Desktop/springfish/tools/harness_core/backend.py", line 270, in chat
    raise last_err or RuntimeError("exhausted retries")
RuntimeError: HTTP 503: {"error":{"type":"server_error","message":"Error from provider (Console): Upstream request failed: Endpoint is unavailable."}}
[09:00:24] battery failed mid-run; re-gating
[09:01:06] attempt 159: provider DOWN ({"error":{"type":"server_error","message":"Error from provid)
[09:01:48] attempt 160: provider UP — launching battery
Traceback (most recent call last):
  File "/Users/shehzad/Desktop/springfish/experiments/exp_s126_v3.py", line 268, in <module>
    main()
    ~~~~^^
  File "/Users/shehzad/Desktop/springfish/experiments/exp_s126_v3.py", line 227, in main
    out, _ = client.chat(messages, purpose='probe',
             ~~~~~~~~~~~^^^^^^^^^^^^^^^^^^^^^^^^^^^
                         json_schema=PROBE_SCHEMA)
                         ^^^^^^^^^^^^^^^^^^^^^^^^^
  File "/Users/shehzad/Desktop/springfish/tools/harness_core/backend.py", line 270, in chat
    raise last_err or RuntimeError("exhausted retries")
RuntimeError: HTTP 503: {"error":{"type":"server_error","message":"Error from provider (Console): Upstream request failed: Endpoint is unavailable."}}
[09:06:35] battery failed mid-run; re-gating
[09:07:17] attempt 161: provider DOWN ({"error":{"type":"server_error","message":"Error from provid)
[09:08:04] attempt 162: provider UP — launching battery
Traceback (most recent call last):
  File "/Users/shehzad/Desktop/springfish/experiments/exp_s126_v3.py", line 268, in <module>
    main()
    ~~~~^^
  File "/Users/shehzad/Desktop/springfish/experiments/exp_s126_v3.py", line 227, in main
    out, _ = client.chat(messages, purpose='probe',
             ~~~~~~~~~~~^^^^^^^^^^^^^^^^^^^^^^^^^^^
                         json_schema=PROBE_SCHEMA)
                         ^^^^^^^^^^^^^^^^^^^^^^^^^
  File "/Users/shehzad/Desktop/springfish/tools/harness_core/backend.py", line 270, in chat
    raise last_err or RuntimeError("exhausted retries")
RuntimeError: HTTP 503: {"error":{"type":"server_error","message":"Error from provider (Console): Upstream request failed: Endpoint is unavailable."}}
[09:12:40] battery failed mid-run; re-gating
[09:13:21] attempt 163: provider DOWN ({"error":{"type":"server_error","message":"Error from provid)
[09:14:03] attempt 164: provider DOWN ({"error":{"type":"server_error","message":"Error from provid)
[09:14:45] attempt 165: provider UP — launching battery
Traceback (most recent call last):
  File "/Users/shehzad/Desktop/springfish/experiments/exp_s126_v3.py", line 268, in <module>
    main()
    ~~~~^^
  File "/Users/shehzad/Desktop/springfish/experiments/exp_s126_v3.py", line 171, in main
    history, generated = seed_raw(client, given, prods)
                         ~~~~~~~~^^^^^^^^^^^^^^^^^^^^^^
  File "/Users/shehzad/Desktop/springfish/experiments/exp_s126_v3.py", line 117, in seed_raw
    generated.append(chat(p).strip())
                     ~~~~^^^
  File "/Users/shehzad/Desktop/springfish/experiments/exp_s126_v3.py", line 110, in chat
    out, _ = client.chat(list(history), purpose='turn')
             ~~~~~~~~~~~^^^^^^^^^^^^^^^^^^^^^^^^^^^^^^^
  File "/Users/shehzad/Desktop/springfish/tools/harness_core/backend.py", line 270, in chat
    raise last_err or RuntimeError("exhausted retries")
RuntimeError: HTTP 503: {"error":{"type":"server_error","message":"Error from provider (Console): Upstream request failed: Endpoint is unavailable."}}
[09:17:47] battery failed mid-run; re-gating
[09:18:28] attempt 166: provider DOWN ({"error":{"type":"server_error","message":"Error from provid)
[09:19:10] attempt 167: provider DOWN ({"error":{"type":"server_error","message":"Error from provid)
[09:19:51] attempt 168: provider DOWN ({"error":{"type":"server_error","message":"Error from provid)
[09:20:32] attempt 169: provider DOWN ({"error":{"type":"server_error","message":"Error from provid)
[09:21:14] attempt 170: provider UP — launching battery
Traceback (most recent call last):
  File "/Users/shehzad/Desktop/springfish/experiments/exp_s126_v3.py", line 268, in <module>
    main()
    ~~~~^^
  File "/Users/shehzad/Desktop/springfish/experiments/exp_s126_v3.py", line 171, in main
    history, generated = seed_raw(client, given, prods)
                         ~~~~~~~~^^^^^^^^^^^^^^^^^^^^^^
  File "/Users/shehzad/Desktop/springfish/experiments/exp_s126_v3.py", line 115, in seed_raw
    chat(f"Memory record stored for later reference: \"{g}\"")
    ~~~~^^^^^^^^^^^^^^^^^^^^^^^^^^^^^^^^^^^^^^^^^^^^^^^^^^^^^^
  File "/Users/shehzad/Desktop/springfish/experiments/exp_s126_v3.py", line 110, in chat
    out, _ = client.chat(list(history), purpose='turn')
             ~~~~~~~~~~~^^^^^^^^^^^^^^^^^^^^^^^^^^^^^^^
  File "/Users/shehzad/Desktop/springfish/tools/harness_core/backend.py", line 270, in chat
    raise last_err or RuntimeError("exhausted retries")
RuntimeError: HTTP 503: {"error":{"type":"server_error","message":"Error from provider (Console): Upstream request failed: Endpoint is unavailable."}}
[09:23:00] battery failed mid-run; re-gating
[09:23:42] attempt 171: provider UP — launching battery
Traceback (most recent call last):
  File "/Users/shehzad/Desktop/springfish/experiments/exp_s126_v3.py", line 268, in <module>
    main()
    ~~~~^^
  File "/Users/shehzad/Desktop/springfish/experiments/exp_s126_v3.py", line 171, in main
    history, generated = seed_raw(client, given, prods)
                         ~~~~~~~~^^^^^^^^^^^^^^^^^^^^^^
  File "/Users/shehzad/Desktop/springfish/experiments/exp_s126_v3.py", line 115, in seed_raw
    chat(f"Memory record stored for later reference: \"{g}\"")
    ~~~~^^^^^^^^^^^^^^^^^^^^^^^^^^^^^^^^^^^^^^^^^^^^^^^^^^^^^^
  File "/Users/shehzad/Desktop/springfish/experiments/exp_s126_v3.py", line 110, in chat
    out, _ = client.chat(list(history), purpose='turn')
             ~~~~~~~~~~~^^^^^^^^^^^^^^^^^^^^^^^^^^^^^^^
  File "/Users/shehzad/Desktop/springfish/tools/harness_core/backend.py", line 270, in chat
    raise last_err or RuntimeError("exhausted retries")
RuntimeError: HTTP 503: {"error":{"type":"server_error","message":"Error from provider (Console): Upstream request failed: Endpoint is unavailable."}}
[09:24:48] battery failed mid-run; re-gating
[09:25:30] attempt 172: provider DOWN ({"error":{"type":"server_error","message":"Error from provid)
[09:26:12] attempt 173: provider UP — launching battery
Traceback (most recent call last):
  File "/Users/shehzad/Desktop/springfish/experiments/exp_s126_v3.py", line 268, in <module>
    main()
    ~~~~^^
  File "/Users/shehzad/Desktop/springfish/experiments/exp_s126_v3.py", line 227, in main
    out, _ = client.chat(messages, purpose='probe',
             ~~~~~~~~~~~^^^^^^^^^^^^^^^^^^^^^^^^^^^
                         json_schema=PROBE_SCHEMA)
                         ^^^^^^^^^^^^^^^^^^^^^^^^^
  File "/Users/shehzad/Desktop/springfish/tools/harness_core/backend.py", line 270, in chat
    raise last_err or RuntimeError("exhausted retries")
RuntimeError: HTTP 503: {"error":{"type":"server_error","message":"Error from provider (Console): Upstream request failed: Endpoint is unavailable."}}
[09:30:35] battery failed mid-run; re-gating
[09:31:16] attempt 174: provider DOWN ({"error":{"type":"server_error","message":"Error from provid)
[09:31:57] attempt 175: provider DOWN ({"error":{"type":"server_error","message":"Error from provid)
[09:32:39] attempt 176: provider DOWN ({"error":{"type":"server_error","message":"Error from provid)
[09:33:20] attempt 177: provider DOWN ({"error":{"type":"server_error","message":"Error from provid)
[09:34:02] attempt 178: provider DOWN ({"error":{"type":"server_error","message":"Error from provid)
[09:34:43] attempt 179: provider DOWN ({"error":{"type":"server_error","message":"Error from provid)
[09:35:24] attempt 180: provider DOWN ({"error":{"type":"server_error","message":"Error from provid)
[09:36:06] attempt 181: provider DOWN ({"error":{"type":"server_error","message":"Error from provid)
[09:36:47] attempt 182: provider DOWN ({"error":{"type":"server_error","message":"Error from provid)
[09:37:28] attempt 183: provider DOWN ({"error":{"type":"server_error","message":"Error from provid)
[09:38:10] attempt 184: provider DOWN ({"error":{"type":"server_error","message":"Error from provid)
[09:38:52] attempt 185: provider UP — launching battery
Traceback (most recent call last):
  File "/Users/shehzad/Desktop/springfish/experiments/exp_s126_v3.py", line 268, in <module>
    main()
    ~~~~^^
  File "/Users/shehzad/Desktop/springfish/experiments/exp_s126_v3.py", line 171, in main
    history, generated = seed_raw(client, given, prods)
                         ~~~~~~~~^^^^^^^^^^^^^^^^^^^^^^
  File "/Users/shehzad/Desktop/springfish/experiments/exp_s126_v3.py", line 117, in seed_raw
    generated.append(chat(p).strip())
                     ~~~~^^^
  File "/Users/shehzad/Desktop/springfish/experiments/exp_s126_v3.py", line 110, in chat
    out, _ = client.chat(list(history), purpose='turn')
             ~~~~~~~~~~~^^^^^^^^^^^^^^^^^^^^^^^^^^^^^^^
  File "/Users/shehzad/Desktop/springfish/tools/harness_core/backend.py", line 270, in chat
    raise last_err or RuntimeError("exhausted retries")
RuntimeError: HTTP 503: {"error":{"type":"server_error","message":"Error from provider (Console): Upstream request failed: Endpoint is unavailable."}}
[09:42:07] battery failed mid-run; re-gating
[09:42:48] attempt 186: provider DOWN ({"error":{"type":"server_error","message":"Error from provid)
[09:43:29] attempt 187: provider DOWN ({"error":{"type":"server_error","message":"Error from provid)
[09:44:11] attempt 188: provider DOWN ({"error":{"type":"server_error","message":"Error from provid)
[09:44:52] attempt 189: provider DOWN ({"error":{"type":"server_error","message":"Error from provid)
[09:45:33] attempt 190: provider DOWN ({"error":{"type":"server_error","message":"Error from provid)
[09:46:15] attempt 191: provider DOWN ({"error":{"type":"server_error","message":"Error from provid)
[09:47:00] attempt 192: provider UP — launching battery
Traceback (most recent call last):
  File "/Users/shehzad/Desktop/springfish/experiments/exp_s126_v3.py", line 268, in <module>
    main()
    ~~~~^^
  File "/Users/shehzad/Desktop/springfish/experiments/exp_s126_v3.py", line 171, in main
    history, generated = seed_raw(client, given, prods)
                         ~~~~~~~~^^^^^^^^^^^^^^^^^^^^^^
  File "/Users/shehzad/Desktop/springfish/experiments/exp_s126_v3.py", line 117, in seed_raw
    generated.append(chat(p).strip())
                     ~~~~^^^
  File "/Users/shehzad/Desktop/springfish/experiments/exp_s126_v3.py", line 110, in chat
    out, _ = client.chat(list(history), purpose='turn')
             ~~~~~~~~~~~^^^^^^^^^^^^^^^^^^^^^^^^^^^^^^^
  File "/Users/shehzad/Desktop/springfish/tools/harness_core/backend.py", line 270, in chat
    raise last_err or RuntimeError("exhausted retries")
RuntimeError: HTTP 503: {"error":{"type":"server_error","message":"Error from provider (Console): Upstream request failed: Endpoint is unavailable."}}
[09:49:52] battery failed mid-run; re-gating
[09:50:33] attempt 193: provider DOWN ({"error":{"type":"server_error","message":"Error from provid)
[09:51:15] attempt 194: provider DOWN ({"error":{"type":"server_error","message":"Error from provid)
[09:51:57] attempt 195: provider DOWN ({"error":{"type":"server_error","message":"Error from provid)
[09:52:39] attempt 196: provider UP — launching battery
Traceback (most recent call last):
  File "/Users/shehzad/Desktop/springfish/experiments/exp_s126_v3.py", line 268, in <module>
    main()
    ~~~~^^
  File "/Users/shehzad/Desktop/springfish/experiments/exp_s126_v3.py", line 227, in main
    out, _ = client.chat(messages, purpose='probe',
             ~~~~~~~~~~~^^^^^^^^^^^^^^^^^^^^^^^^^^^
                         json_schema=PROBE_SCHEMA)
                         ^^^^^^^^^^^^^^^^^^^^^^^^^
  File "/Users/shehzad/Desktop/springfish/tools/harness_core/backend.py", line 270, in chat
    raise last_err or RuntimeError("exhausted retries")
RuntimeError: HTTP 503: {"error":{"type":"server_error","message":"Error from provider (Console): Upstream request failed: Endpoint is unavailable."}}
[09:56:50] battery failed mid-run; re-gating
[09:57:31] attempt 197: provider DOWN ({"error":{"type":"server_error","message":"Error from provid)
[09:58:12] attempt 198: provider DOWN ({"error":{"type":"server_error","message":"Error from provid)
[09:58:54] attempt 199: provider DOWN ({"error":{"type":"server_error","message":"Error from provid)
[09:59:38] attempt 200: provider UP — launching battery
Traceback (most recent call last):
  File "/Users/shehzad/Desktop/springfish/experiments/exp_s126_v3.py", line 268, in <module>
    main()
    ~~~~^^
  File "/Users/shehzad/Desktop/springfish/experiments/exp_s126_v3.py", line 171, in main
    history, generated = seed_raw(client, given, prods)
                         ~~~~~~~~^^^^^^^^^^^^^^^^^^^^^^
  File "/Users/shehzad/Desktop/springfish/experiments/exp_s126_v3.py", line 115, in seed_raw
    chat(f"Memory record stored for later reference: \"{g}\"")
    ~~~~^^^^^^^^^^^^^^^^^^^^^^^^^^^^^^^^^^^^^^^^^^^^^^^^^^^^^^
  File "/Users/shehzad/Desktop/springfish/experiments/exp_s126_v3.py", line 110, in chat
    out, _ = client.chat(list(history), purpose='turn')
             ~~~~~~~~~~~^^^^^^^^^^^^^^^^^^^^^^^^^^^^^^^
  File "/Users/shehzad/Desktop/springfish/tools/harness_core/backend.py", line 270, in chat
    raise last_err or RuntimeError("exhausted retries")
RuntimeError: HTTP 503: {"error":{"type":"server_error","message":"Error from provider (Console): Upstream request failed: Endpoint is unavailable."}}
[10:01:22] battery failed mid-run; re-gating
[10:02:03] attempt 201: provider DOWN ({"error":{"type":"server_error","message":"Error from provid)
[10:02:45] attempt 202: provider DOWN ({"error":{"type":"server_error","message":"Error from provid)
[10:03:27] attempt 203: provider UP — launching battery
Traceback (most recent call last):
  File "/Users/shehzad/Desktop/springfish/experiments/exp_s126_v3.py", line 268, in <module>
    main()
    ~~~~^^
  File "/Users/shehzad/Desktop/springfish/experiments/exp_s126_v3.py", line 171, in main
    history, generated = seed_raw(client, given, prods)
                         ~~~~~~~~^^^^^^^^^^^^^^^^^^^^^^
  File "/Users/shehzad/Desktop/springfish/experiments/exp_s126_v3.py", line 115, in seed_raw
    chat(f"Memory record stored for later reference: \"{g}\"")
    ~~~~^^^^^^^^^^^^^^^^^^^^^^^^^^^^^^^^^^^^^^^^^^^^^^^^^^^^^^
  File "/Users/shehzad/Desktop/springfish/experiments/exp_s126_v3.py", line 110, in chat
    out, _ = client.chat(list(history), purpose='turn')
             ~~~~~~~~~~~^^^^^^^^^^^^^^^^^^^^^^^^^^^^^^^
  File "/Users/shehzad/Desktop/springfish/tools/harness_core/backend.py", line 270, in chat
    raise last_err or RuntimeError("exhausted retries")
RuntimeError: HTTP 503: {"error":{"type":"server_error","message":"Error from provider (Console): Upstream request failed: Endpoint is unavailable."}}
[10:08:23] battery failed mid-run; re-gating
[10:09:11] attempt 204: provider UP — launching battery
Traceback (most recent call last):
  File "/Users/shehzad/Desktop/springfish/experiments/exp_s126_v3.py", line 268, in <module>
    main()
    ~~~~^^
  File "/Users/shehzad/Desktop/springfish/experiments/exp_s126_v3.py", line 171, in main
    history, generated = seed_raw(client, given, prods)
                         ~~~~~~~~^^^^^^^^^^^^^^^^^^^^^^
  File "/Users/shehzad/Desktop/springfish/experiments/exp_s126_v3.py", line 115, in seed_raw
    chat(f"Memory record stored for later reference: \"{g}\"")
    ~~~~^^^^^^^^^^^^^^^^^^^^^^^^^^^^^^^^^^^^^^^^^^^^^^^^^^^^^^
  File "/Users/shehzad/Desktop/springfish/experiments/exp_s126_v3.py", line 110, in chat
    out, _ = client.chat(list(history), purpose='turn')
             ~~~~~~~~~~~^^^^^^^^^^^^^^^^^^^^^^^^^^^^^^^
  File "/Users/shehzad/Desktop/springfish/tools/harness_core/backend.py", line 270, in chat
    raise last_err or RuntimeError("exhausted retries")
RuntimeError: HTTP 503: {"error":{"type":"server_error","message":"Error from provider (Console): Upstream request failed: Endpoint is unavailable."}}
[10:10:18] battery failed mid-run; re-gating
[10:11:01] attempt 205: provider UP — launching battery
Traceback (most recent call last):
  File "/Users/shehzad/Desktop/springfish/experiments/exp_s126_v3.py", line 268, in <module>
    main()
    ~~~~^^
  File "/Users/shehzad/Desktop/springfish/experiments/exp_s126_v3.py", line 227, in main
    out, _ = client.chat(messages, purpose='probe',
             ~~~~~~~~~~~^^^^^^^^^^^^^^^^^^^^^^^^^^^
                         json_schema=PROBE_SCHEMA)
                         ^^^^^^^^^^^^^^^^^^^^^^^^^
  File "/Users/shehzad/Desktop/springfish/tools/harness_core/backend.py", line 270, in chat
    raise last_err or RuntimeError("exhausted retries")
RuntimeError: HTTP 503: {"error":{"type":"server_error","message":"Error from provider (Console): Upstream request failed: Endpoint is unavailable."}}
[10:15:29] battery failed mid-run; re-gating
[10:16:11] attempt 206: provider UP — launching battery
Traceback (most recent call last):
  File "/Users/shehzad/Desktop/springfish/experiments/exp_s126_v3.py", line 268, in <module>
    main()
    ~~~~^^
  File "/Users/shehzad/Desktop/springfish/experiments/exp_s126_v3.py", line 227, in main
    out, _ = client.chat(messages, purpose='probe',
             ~~~~~~~~~~~^^^^^^^^^^^^^^^^^^^^^^^^^^^
                         json_schema=PROBE_SCHEMA)
                         ^^^^^^^^^^^^^^^^^^^^^^^^^
  File "/Users/shehzad/Desktop/springfish/tools/harness_core/backend.py", line 270, in chat
    raise last_err or RuntimeError("exhausted retries")
RuntimeError: HTTP 503: {"error":{"type":"server_error","message":"Error from provider (Console): Upstream request failed: Endpoint is unavailable."}}
[10:20:51] battery failed mid-run; re-gating
[10:21:32] attempt 207: provider DOWN ({"error":{"type":"server_error","message":"Error from provid)
[10:22:14] attempt 208: provider DOWN ({"error":{"type":"server_error","message":"Error from provid)
[10:22:56] attempt 209: provider UP — launching battery
Traceback (most recent call last):
  File "/Users/shehzad/Desktop/springfish/experiments/exp_s126_v3.py", line 268, in <module>
    main()
    ~~~~^^
  File "/Users/shehzad/Desktop/springfish/experiments/exp_s126_v3.py", line 171, in main
    history, generated = seed_raw(client, given, prods)
                         ~~~~~~~~^^^^^^^^^^^^^^^^^^^^^^
  File "/Users/shehzad/Desktop/springfish/experiments/exp_s126_v3.py", line 117, in seed_raw
    generated.append(chat(p).strip())
                     ~~~~^^^
  File "/Users/shehzad/Desktop/springfish/experiments/exp_s126_v3.py", line 110, in chat
    out, _ = client.chat(list(history), purpose='turn')
             ~~~~~~~~~~~^^^^^^^^^^^^^^^^^^^^^^^^^^^^^^^
  File "/Users/shehzad/Desktop/springfish/tools/harness_core/backend.py", line 270, in chat
    raise last_err or RuntimeError("exhausted retries")
RuntimeError: HTTP 503: {"error":{"type":"server_error","message":"Error from provider (Console): Upstream request failed: Endpoint is unavailable."}}
[10:25:20] battery failed mid-run; re-gating
[10:26:03] attempt 210: provider UP — launching battery
Traceback (most recent call last):
  File "/Users/shehzad/Desktop/springfish/experiments/exp_s126_v3.py", line 268, in <module>
    main()
    ~~~~^^
  File "/Users/shehzad/Desktop/springfish/experiments/exp_s126_v3.py", line 227, in main
    out, _ = client.chat(messages, purpose='probe',
             ~~~~~~~~~~~^^^^^^^^^^^^^^^^^^^^^^^^^^^
                         json_schema=PROBE_SCHEMA)
                         ^^^^^^^^^^^^^^^^^^^^^^^^^
  File "/Users/shehzad/Desktop/springfish/tools/harness_core/backend.py", line 270, in chat
    raise last_err or RuntimeError("exhausted retries")
RuntimeError: HTTP 503: {"error":{"type":"server_error","message":"Error from provider (Console): Upstream request failed: Endpoint is unavailable."}}
[10:38:21] battery failed mid-run; re-gating
[10:39:04] attempt 211: provider UP — launching battery
{
 "P1_delta": 0.0,
 "P1_supported": false,
 "P2_supported": true,
 "P3_supported": true
}
[11:32:37] BATTERY COMPLETE
