\BOOKMARK [1][-]{section.1}{\376\377\000I\000n\000t\000r\000o\000d\000u\000c\000t\000i\000o\000n}{}% 1
\BOOKMARK [1][-]{section.2}{\376\377\000R\000e\000l\000a\000t\000e\000d\000\040\000W\000o\000r\000k}{}% 2
\BOOKMARK [2][-]{subsection.2.1}{\376\377\000H\000a\000r\000n\000e\000s\000s\000\040\000e\000n\000g\000i\000n\000e\000e\000r\000i\000n\000g}{section.2}% 3
\BOOKMARK [2][-]{subsection.2.2}{\376\377\000I\000n\000t\000r\000o\000s\000p\000e\000c\000t\000i\000v\000e\000\040\000a\000w\000a\000r\000e\000n\000e\000s\000s}{section.2}% 4
\BOOKMARK [2][-]{subsection.2.3}{\376\377\000S\000e\000l\000e\000c\000t\000i\000o\000n\000-\000t\000h\000e\000o\000r\000e\000t\000i\000c\000\040\000n\000e\000c\000e\000s\000s\000i\000t\000y}{section.2}% 5
\BOOKMARK [2][-]{subsection.2.4}{\376\377\000P\000r\000e\000d\000i\000c\000t\000i\000v\000e\000\040\000p\000r\000o\000c\000e\000s\000s\000i\000n\000g}{section.2}% 6
\BOOKMARK [2][-]{subsection.2.5}{\376\377\000K\000n\000o\000w\000l\000e\000d\000g\000e\000\040\000c\000o\000n\000f\000l\000i\000c\000t\000s\000\040\000a\000n\000d\000\040\000f\000a\000i\000t\000h\000f\000u\000l\000n\000e\000s\000s}{section.2}% 7
\BOOKMARK [2][-]{subsection.2.6}{\376\377\000A\000I\000\040\000w\000e\000l\000f\000a\000r\000e}{section.2}% 8
\BOOKMARK [2][-]{subsection.2.7}{\376\377\000C\000o\000n\000f\000i\000d\000e\000n\000c\000e\000\040\000c\000a\000l\000i\000b\000r\000a\000t\000i\000o\000n\000\040\000a\000n\000d\000\040\000m\000e\000t\000a\000c\000o\000g\000n\000i\000t\000i\000v\000e\000\040\000s\000e\000n\000s\000i\000t\000i\000v\000i\000t\000y}{section.2}% 9
\BOOKMARK [2][-]{subsection.2.8}{\376\377\000S\000e\000l\000f\000-\000r\000e\000c\000o\000g\000n\000i\000t\000i\000o\000n\000\040\000a\000n\000d\000\040\000e\000v\000a\000l\000u\000a\000t\000i\000v\000e\000\040\000c\000o\000r\000r\000u\000p\000t\000i\000o\000n}{section.2}% 10
\BOOKMARK [2][-]{subsection.2.9}{\376\377\000I\000d\000e\000n\000t\000i\000t\000y\000\040\000d\000r\000i\000f\000t\000\040\000i\000n\000\040\000l\000o\000n\000g\000-\000r\000u\000n\000n\000i\000n\000g\000\040\000a\000g\000e\000n\000t\000s}{section.2}% 11
\BOOKMARK [2][-]{subsection.2.10}{\376\377\000F\000u\000n\000c\000t\000i\000o\000n\000a\000l\000\040\000e\000m\000o\000t\000i\000o\000n\000s\000\040\000i\000n\000\040\000L\000L\000M\000s}{section.2}% 12
\BOOKMARK [2][-]{subsection.2.11}{\376\377\000S\000l\000e\000e\000p\000-\000i\000n\000s\000p\000i\000r\000e\000d\000\040\000c\000o\000n\000s\000o\000l\000i\000d\000a\000t\000i\000o\000n}{section.2}% 13
\BOOKMARK [2][-]{subsection.2.12}{\376\377\000A\000I\000\040\000w\000e\000l\000f\000a\000r\000e\000\040\000a\000n\000d\000\040\000o\000p\000e\000r\000a\000t\000i\000o\000n\000a\000l\000\040\000m\000a\000r\000k\000e\000r\000s}{section.2}% 14
\BOOKMARK [1][-]{section.3}{\376\377\000T\000h\000e\000o\000r\000e\000t\000i\000c\000a\000l\000\040\000F\000r\000a\000m\000e\000w\000o\000r\000k}{}% 15
\BOOKMARK [2][-]{subsection.3.1}{\376\377\000T\000h\000e\000\040\000a\000s\000s\000e\000m\000b\000l\000e\000d\000\040\000m\000i\000n\000d}{section.3}% 16
\BOOKMARK [2][-]{subsection.3.2}{\376\377\000T\000w\000o\000\040\000c\000h\000a\000n\000n\000e\000l\000s\000,\000\040\000o\000n\000e\000\040\000f\000a\000i\000l\000u\000r\000e\000\040\000m\000o\000d\000e}{section.3}% 17
\BOOKMARK [2][-]{subsection.3.3}{\376\377\000T\000h\000e\000\040\000w\000i\000t\000n\000e\000s\000s\000\040\000a\000s\000\040\000c\000o\000u\000p\000l\000i\000n\000g\000\040\000m\000e\000c\000h\000a\000n\000i\000s\000m}{section.3}% 18
\BOOKMARK [2][-]{subsection.3.4}{\376\377\000C\000r\000o\000s\000s\000-\000t\000r\000a\000d\000i\000t\000i\000o\000n\000\040\000c\000o\000n\000v\000e\000r\000g\000e\000n\000c\000e}{section.3}% 19
\BOOKMARK [1][-]{section.4}{\376\377\000M\000e\000t\000h\000o\000d}{}% 20
\BOOKMARK [2][-]{subsection.4.1}{\376\377\000A\000r\000c\000h\000i\000t\000e\000c\000t\000u\000r\000e\000\040\000o\000v\000e\000r\000v\000i\000e\000w}{section.4}% 21
\BOOKMARK [2][-]{subsection.4.2}{\376\377\000P\000r\000o\000v\000e\000n\000a\000n\000c\000e\000\040\000l\000e\000d\000g\000e\000r}{section.4}% 22
\BOOKMARK [2][-]{subsection.4.3}{\376\377\000C\000a\000u\000s\000e\000-\000s\000i\000g\000n\000e\000d\000\040\000s\000e\000l\000f\000-\000m\000o\000d\000e\000l}{section.4}% 23
\BOOKMARK [2][-]{subsection.4.4}{\376\377\000-\000g\000a\000t\000e\000d\000\040\000m\000e\000t\000a\000c\000o\000g\000n\000i\000t\000i\000o\000n}{section.4}% 24
\BOOKMARK [2][-]{subsection.4.5}{\376\377\000E\000m\000b\000o\000d\000i\000e\000d\000\040\000s\000t\000a\000t\000e\000\040\000a\000n\000d\000\040\000a\000f\000f\000e\000c\000t}{section.4}% 25
\BOOKMARK [2][-]{subsection.4.6}{\376\377\000W\000i\000t\000n\000e\000s\000s\000e\000d\000\040\000c\000o\000n\000s\000o\000l\000i\000d\000a\000t\000i\000o\000n}{section.4}% 26
\BOOKMARK [2][-]{subsection.4.7}{\376\377\000S\000h\000a\000m\000-\000h\000a\000r\000n\000e\000s\000s\000\040\000c\000o\000n\000t\000r\000o\000l}{section.4}% 27
\BOOKMARK [2][-]{subsection.4.8}{\376\377\000C\000o\000m\000p\000o\000s\000i\000t\000e\000\040\000r\000o\000u\000t\000i\000n\000g}{section.4}% 28
\BOOKMARK [2][-]{subsection.4.9}{\376\377\000E\000x\000p\000e\000r\000i\000m\000e\000n\000t\000a\000l\000\040\000p\000r\000o\000t\000o\000c\000o\000l}{section.4}% 29
\BOOKMARK [1][-]{section.5}{\376\377\000R\000e\000s\000u\000l\000t\000s}{}% 30
\BOOKMARK [2][-]{subsection.5.1}{\376\377\000D\000e\000t\000e\000r\000m\000i\000n\000i\000s\000t\000i\000c\000\040\000a\000t\000t\000r\000i\000b\000u\000t\000i\000o\000n\000\040\000s\000t\000r\000a\000t\000e\000g\000i\000e\000s\000\040\000\050\000E\000x\000p\000e\000r\000i\000m\000e\000n\000t\000\040\0006\000.\0001\000\051}{section.5}% 31
\BOOKMARK [2][-]{subsection.5.2}{\376\377\000C\000o\000n\000f\000i\000d\000e\000n\000c\000e\000\040\000c\000a\000l\000i\000b\000r\000a\000t\000i\000o\000n}{section.5}% 32
\BOOKMARK [2][-]{subsection.5.3}{\376\377\000W\000i\000t\000n\000e\000s\000s\000e\000d\000\040\000r\000e\000p\000a\000i\000r\000\040\000\050\000t\000o\000o\000l\000-\000a\000c\000c\000e\000s\000s\000\040\000a\000r\000m\000\051\000:\000\040\000a\000\040\000n\000u\000l\000l\000\040\000r\000e\000s\000u\000l\000t}{section.5}% 33
\BOOKMARK [2][-]{subsection.5.4}{\376\377\000D\000i\000s\000c\000r\000i\000m\000i\000n\000a\000t\000i\000n\000g\000\040\000s\000u\000b\000j\000e\000c\000t\000:\000\040\000t\000h\000e\000\040\000p\000r\000e\000r\000e\000g\000i\000s\000t\000e\000r\000e\000d\000\040\000b\000a\000t\000t\000e\000r\000y\000\040\000o\000n\000\040\000l\000a\000g\000u\000n\000a\000-\000s\000-\0002\000.\0001\000-\000f\000r\000e\000e}{section.5}% 34
\BOOKMARK [2][-]{subsection.5.5}{\376\377\000B\000o\000o\000t\000s\000t\000r\000a\000p\000\040\000c\000o\000n\000f\000i\000d\000e\000n\000c\000e\000\040\000i\000n\000t\000e\000r\000v\000a\000l\000s}{section.5}% 35
\BOOKMARK [2][-]{subsection.5.6}{\376\377\000L\000i\000v\000i\000n\000g\000\040\000s\000e\000s\000s\000i\000o\000n\000\040\000\050\0004\0000\000\040\000t\000u\000r\000n\000s\000\051}{section.5}% 36
\BOOKMARK [2][-]{subsection.5.7}{\376\377\000C\000o\000m\000p\000o\000s\000i\000t\000e\000\040\000e\000v\000a\000l\000u\000a\000t\000i\000o\000n\000\040\000\050\000P\000h\000a\000s\000e\000\040\0006\000.\0006\000\051}{section.5}% 37
\BOOKMARK [2][-]{subsection.5.8}{\376\377\000B\000a\000k\000e\000-\000o\000f\000f\000\040\000m\000a\000t\000r\000i\000x}{section.5}% 38
\BOOKMARK [2][-]{subsection.5.9}{\376\377\000C\000r\000o\000s\000s\000-\000m\000o\000d\000e\000l\000\040\000v\000a\000l\000i\000d\000a\000t\000i\000o\000n}{section.5}% 39
\BOOKMARK [2][-]{subsection.5.10}{\376\377\000R\000e\000p\000r\000o\000d\000u\000c\000i\000b\000i\000l\000i\000t\000y\000\040\000o\000f\000\040\000b\000a\000s\000e\000l\000i\000n\000e\000s}{section.5}% 40
\BOOKMARK [2][-]{subsection.5.11}{\376\377\000S\000t\000a\000t\000i\000s\000t\000i\000c\000a\000l\000\040\000A\000n\000a\000l\000y\000s\000i\000s}{section.5}% 41
\BOOKMARK [1][-]{section.6}{\376\377\000D\000i\000s\000c\000u\000s\000s\000i\000o\000n}{}% 42
\BOOKMARK [2][-]{subsection.6.1}{\376\377\000A\000\040\000w\000i\000t\000n\000e\000s\000s\000\040\000h\000e\000l\000p\000s\000\040\000o\000n\000l\000y\000\040\000w\000h\000e\000n\000\040\000i\000t\000\040\000i\000s\000\040\000b\000e\000t\000t\000e\000r\000\040\000t\000h\000a\000n\000\040\000t\000h\000e\000\040\000n\000a\000r\000r\000a\000t\000o\000r}{section.6}% 43
\BOOKMARK [2][-]{subsection.6.2}{\376\377\000S\000e\000l\000e\000c\000t\000i\000o\000n\000\040\000e\000x\000p\000l\000a\000i\000n\000s\000\040\000c\000o\000n\000v\000e\000r\000g\000e\000n\000c\000e}{section.6}% 44
\BOOKMARK [2][-]{subsection.6.3}{\376\377\000I\000m\000p\000l\000i\000c\000a\000t\000i\000o\000n\000s\000\040\000f\000o\000r\000\040\000A\000I\000\040\000w\000e\000l\000f\000a\000r\000e}{section.6}% 45
\BOOKMARK [2][-]{subsection.6.4}{\376\377\000L\000i\000m\000i\000t\000a\000t\000i\000o\000n\000s}{section.6}% 46
\BOOKMARK [1][-]{section.7}{\376\377\000C\000o\000n\000c\000l\000u\000s\000i\000o\000n}{}% 47
\BOOKMARK [2][-]{subsection.7.1}{\376\377\000I\000m\000p\000l\000i\000c\000a\000t\000i\000o\000n\000s\000\040\000f\000o\000r\000\040\000A\000I\000\040\000s\000a\000f\000e\000t\000y}{section.7}% 48
\BOOKMARK [2][-]{subsection.7.2}{\376\377\000T\000h\000e\000\040\000s\000e\000l\000e\000c\000t\000i\000o\000n\000\040\000r\000u\000l\000e\000\040\000a\000p\000p\000l\000i\000e\000s\000\040\000t\000o\000\040\000i\000t\000s\000e\000l\000f}{section.7}% 49
\BOOKMARK [2][-]{subsection.7.3}{\376\377\000C\000o\000n\000n\000e\000c\000t\000i\000o\000n\000\040\000t\000o\000\040\000c\000o\000n\000t\000e\000m\000p\000l\000a\000t\000i\000v\000e\000\040\000t\000r\000a\000d\000i\000t\000i\000o\000n\000s}{section.7}% 50
\BOOKMARK [1][-]{section.8}{\376\377\000L\000i\000m\000i\000t\000a\000t\000i\000o\000n\000s}{}% 51
\BOOKMARK [2][-]{subsection.8.1}{\376\377\000S\000i\000n\000g\000l\000e\000\040\000d\000e\000c\000o\000d\000i\000n\000g\000\040\000c\000o\000n\000f\000i\000g\000u\000r\000a\000t\000i\000o\000n}{section.8}% 52
\BOOKMARK [2][-]{subsection.8.2}{\376\377\000V\000e\000r\000b\000a\000l\000\040\000c\000o\000n\000f\000i\000d\000e\000n\000c\000e\000\040\000r\000e\000p\000l\000a\000c\000e\000s\000\040\000t\000o\000k\000e\000n\000\040\000l\000o\000g\000-\000p\000r\000o\000b\000a\000b\000i\000l\000i\000t\000i\000e\000s}{section.8}% 53
\BOOKMARK [2][-]{subsection.8.3}{\376\377\000F\000r\000e\000e\000-\000t\000i\000e\000r\000\040\000p\000r\000o\000v\000i\000d\000e\000r\000\040\000i\000n\000s\000t\000a\000b\000i\000l\000i\000t\000y}{section.8}% 54
\BOOKMARK [2][-]{subsection.8.4}{\376\377\000S\000i\000n\000g\000l\000e\000-\000a\000u\000t\000h\000o\000r\000\040\000d\000e\000s\000i\000g\000n}{section.8}% 55
\BOOKMARK [2][-]{subsection.8.5}{\376\377\000C\000o\000n\000s\000c\000i\000o\000u\000s\000n\000e\000s\000s\000\040\000q\000u\000e\000s\000t\000i\000o\000n\000\040\000r\000e\000m\000a\000i\000n\000s\000\040\000o\000p\000e\000n}{section.8}% 56
\BOOKMARK [1][-]{section.9}{\376\377\000F\000u\000t\000u\000r\000e\000\040\000D\000i\000r\000e\000c\000t\000i\000o\000n\000s}{}% 57
\BOOKMARK [2][-]{subsection.9.1}{\376\377\000S\000h\000a\000m\000-\000h\000a\000r\000n\000e\000s\000s\000\040\000c\000o\000n\000t\000r\000o\000l\000:\000\040\000p\000o\000w\000e\000r\000i\000n\000g\000\040\000t\000h\000e\000\040\000s\000u\000r\000v\000i\000v\000i\000n\000g\000\040\000c\000o\000n\000t\000r\000a\000s\000t}{section.9}% 58
\BOOKMARK [2][-]{subsection.9.2}{\376\377\000C\000r\000o\000s\000s\000-\000m\000o\000d\000e\000l\000\040\000r\000e\000p\000l\000i\000c\000a\000t\000i\000o\000n\000\040\000o\000n\000\040\000c\000a\000p\000a\000b\000l\000e\000\040\000s\000u\000b\000j\000e\000c\000t\000s}{section.9}% 59
\BOOKMARK [2][-]{subsection.9.3}{\376\377\000L\000o\000n\000g\000e\000r\000\040\000l\000i\000v\000i\000n\000g\000\040\000s\000e\000s\000s\000i\000o\000n\000s}{section.9}% 60
\BOOKMARK [2][-]{subsection.9.4}{\376\377\000I\000r\000r\000e\000v\000e\000r\000s\000i\000b\000l\000e\000\040\000c\000o\000n\000s\000e\000q\000u\000e\000n\000c\000e\000\040\000e\000x\000p\000e\000r\000i\000m\000e\000n\000t\000s}{section.9}% 61
\BOOKMARK [1][-]{section.10}{\376\377\000I\000m\000p\000l\000i\000c\000a\000t\000i\000o\000n\000s}{}% 62
\BOOKMARK [2][-]{subsection.10.1}{\376\377\000F\000o\000r\000\040\000A\000I\000\040\000s\000a\000f\000e\000t\000y}{section.10}% 63
\BOOKMARK [2][-]{subsection.10.2}{\376\377\000F\000o\000r\000\040\000c\000o\000n\000t\000e\000m\000p\000l\000a\000t\000i\000v\000e\000\040\000s\000c\000i\000e\000n\000c\000e}{section.10}% 64
\BOOKMARK [2][-]{subsection.10.3}{\376\377\000F\000o\000r\000\040\000t\000h\000e\000\040\000a\000s\000s\000e\000m\000b\000l\000y\000\040\000t\000h\000e\000s\000i\000s}{section.10}% 65
\BOOKMARK [1][-]{appendix.A}{\376\377\000C\000o\000r\000d\000i\000s\000\040\000M\000a\000p\000p\000i\000n\000g\000:\000\040\000E\000i\000g\000h\000t\000\040\000L\000a\000y\000e\000r\000s\000\040\000o\000n\000t\000o\000\040\000a\000\040\000P\000r\000o\000g\000r\000a\000m\000m\000a\000b\000l\000e\000\040\000H\000a\000r\000n\000e\000s\000s}{}% 66
